Component: ARM Compiler 5.06 update 6 (build 750) Tool: armlink [4d35ed]

==============================================================================

Section Cross References

    main.o(i.Find_All_I2c_Salve) refers to i2c.o(i.I2C_Search_slaveadr) for I2C_Search_slaveadr
    main.o(i.Find_All_I2c_Salve) refers to printfa.o(i.__0printf) for __2printf
    main.o(i.main) refers to misc.o(i.NVIC_PriorityGroupConfig) for NVIC_PriorityGroupConfig
    main.o(i.main) refers to systick.o(i.systick_config) for systick_config
    main.o(i.main) refers to usart1.o(i.USART_GPIO_INIT) for USART_GPIO_INIT
    main.o(i.main) refers to usart1.o(i.USART_PARAM_CONFIG) for USART_PARAM_CONFIG
    main.o(i.main) refers to max30102.o(i.MAX30102_Init) for MAX30102_Init
    main.o(i.main) refers to i2c.o(i.I2C_Configuration) for I2C_Configuration
    main.o(i.main) refers to oled.o(i.OLED_Init) for OLED_Init
    main.o(i.main) refers to oled.o(i.OLED_ShowString) for OLED_ShowString
    main.o(i.main) refers to oled.o(i.OLED_Refresh) for OLED_Refresh
    main.o(i.main) refers to timer1.o(i.TIMER1_PARAM_CONFIG) for TIMER1_PARAM_CONFIG
    stm32f10x_it.o(i.SysTick_Handler) refers to systick.o(i.delay_decrement) for delay_decrement
    system_stm32f10x.o(i.SetSysClock) refers to system_stm32f10x.o(i.SetSysClockTo72) for SetSysClockTo72
    system_stm32f10x.o(i.SystemCoreClockUpdate) refers to system_stm32f10x.o(.data) for .data
    system_stm32f10x.o(i.SystemInit) refers to system_stm32f10x.o(i.SetSysClock) for SetSysClock
    systick.o(i.delay_1ms) refers to systick.o(.data) for .data
    systick.o(i.delay_1us) refers to systick.o(.data) for .data
    systick.o(i.delay_decrement) refers to systick.o(.data) for .data
    systick.o(i.systick_config) refers to systick.o(i.__NVIC_SetPriority) for __NVIC_SetPriority
    systick.o(i.systick_config) refers to system_stm32f10x.o(.data) for SystemCoreClock
    stm32f10x_gpio.o(i.GPIO_AFIODeInit) refers to stm32f10x_rcc.o(i.RCC_APB2PeriphResetCmd) for RCC_APB2PeriphResetCmd
    stm32f10x_gpio.o(i.GPIO_DeInit) refers to stm32f10x_rcc.o(i.RCC_APB2PeriphResetCmd) for RCC_APB2PeriphResetCmd
    stm32f10x_rcc.o(i.RCC_GetClocksFreq) refers to stm32f10x_rcc.o(.data) for .data
    stm32f10x_rcc.o(i.RCC_WaitForHSEStartUp) refers to stm32f10x_rcc.o(i.RCC_GetFlagStatus) for RCC_GetFlagStatus
    stm32f10x_usart.o(i.USART_DeInit) refers to stm32f10x_rcc.o(i.RCC_APB2PeriphResetCmd) for RCC_APB2PeriphResetCmd
    stm32f10x_usart.o(i.USART_DeInit) refers to stm32f10x_rcc.o(i.RCC_APB1PeriphResetCmd) for RCC_APB1PeriphResetCmd
    stm32f10x_usart.o(i.USART_Init) refers to stm32f10x_rcc.o(i.RCC_GetClocksFreq) for RCC_GetClocksFreq
    stm32f10x_i2c.o(i.I2C_DeInit) refers to stm32f10x_rcc.o(i.RCC_APB1PeriphResetCmd) for RCC_APB1PeriphResetCmd
    stm32f10x_i2c.o(i.I2C_Init) refers to stm32f10x_rcc.o(i.RCC_GetClocksFreq) for RCC_GetClocksFreq
    startup_stm32f10x_hd.o(RESET) refers to startup_stm32f10x_hd.o(STACK) for __initial_sp
    startup_stm32f10x_hd.o(RESET) refers to startup_stm32f10x_hd.o(.text) for Reset_Handler
    startup_stm32f10x_hd.o(RESET) refers to stm32f10x_it.o(i.NMI_Handler) for NMI_Handler
    startup_stm32f10x_hd.o(RESET) refers to stm32f10x_it.o(i.HardFault_Handler) for HardFault_Handler
    startup_stm32f10x_hd.o(RESET) refers to stm32f10x_it.o(i.MemManage_Handler) for MemManage_Handler
    startup_stm32f10x_hd.o(RESET) refers to stm32f10x_it.o(i.BusFault_Handler) for BusFault_Handler
    startup_stm32f10x_hd.o(RESET) refers to stm32f10x_it.o(i.UsageFault_Handler) for UsageFault_Handler
    startup_stm32f10x_hd.o(RESET) refers to stm32f10x_it.o(i.SVC_Handler) for SVC_Handler
    startup_stm32f10x_hd.o(RESET) refers to stm32f10x_it.o(i.DebugMon_Handler) for DebugMon_Handler
    startup_stm32f10x_hd.o(RESET) refers to stm32f10x_it.o(i.PendSV_Handler) for PendSV_Handler
    startup_stm32f10x_hd.o(RESET) refers to stm32f10x_it.o(i.SysTick_Handler) for SysTick_Handler
    startup_stm32f10x_hd.o(RESET) refers to timer1.o(i.TIM2_IRQHandler) for TIM2_IRQHandler
    startup_stm32f10x_hd.o(RESET) refers to usart1.o(i.USART1_IRQHandler) for USART1_IRQHandler
    startup_stm32f10x_hd.o(.text) refers to system_stm32f10x.o(i.SystemInit) for SystemInit
    startup_stm32f10x_hd.o(.text) refers to entry.o(.ARM.Collect$$$$00000000) for __main
    led.o(i.LED_GPIO_INIT) refers to stm32f10x_rcc.o(i.RCC_APB2PeriphClockCmd) for RCC_APB2PeriphClockCmd
    led.o(i.LED_GPIO_INIT) refers to stm32f10x_gpio.o(i.GPIO_Init) for GPIO_Init
    max30102.o(i.MAX30102_GetHigh) refers to printfa.o(i.__0printf) for __2printf
    max30102.o(i.MAX30102_GetHigh) refers to max30102.o(.data) for .data
    max30102.o(i.MAX30102_GetMax) refers to max30102.o(.data) for .data
    max30102.o(i.MAX30102_GetMin) refers to max30102.o(.data) for .data
    max30102.o(i.MAX30102_GetR) refers to max30102.o(i.MAX30102_GetMax) for MAX30102_GetMax
    max30102.o(i.MAX30102_GetR) refers to ffltui.o(.text) for __aeabi_ui2f
[...]
    errno.o(i.__read_errno) refers to errno.o(.data) for .data
    errno.o(i.__set_errno) refers to errno.o(.data) for .data
    fsqrt.o(.text) refers to fepilogue.o(.text) for _float_round
    depilogue.o(.text) refers to llshl.o(.text) for __aeabi_llsl
    depilogue.o(.text) refers to llushr.o(.text) for __aeabi_llsr
    dfixul.o(.text) refers to llushr.o(.text) for __aeabi_llsr
    dfixul.o(.text) refers to llshl.o(.text) for __aeabi_llsl
    init.o(.text) refers to entry5.o(.ARM.Collect$$$$00000004) for __main_after_scatterload


==============================================================================

Removing Unused input sections from the image.

    Removing main.o(.rev16_text), (4 bytes).
    Removing main.o(.revsh_text), (4 bytes).
    Removing main.o(.rrx_text), (6 bytes).
    Removing main.o(i.Find_All_I2c_Salve), (44 bytes).
    Removing main.o(.data), (1024 bytes).
    Removing main.o(.data), (1024 bytes).
    Removing stm32f10x_it.o(.rev16_text), (4 bytes).
    Removing stm32f10x_it.o(.revsh_text), (4 bytes).
    Removing stm32f10x_it.o(.rrx_text), (6 bytes).
    Removing system_stm32f10x.o(.rev16_text), (4 bytes).
    Removing system_stm32f10x.o(.revsh_text), (4 bytes).
    Removing system_stm32f10x.o(.rrx_text), (6 bytes).
    Removing system_stm32f10x.o(i.SystemCoreClockUpdate), (124 bytes).
    Removing systick.o(.rev16_text), (4 bytes).
    Removing systick.o(.revsh_text), (4 bytes).
    Removing systick.o(.rrx_text), (6 bytes).
    Removing misc.o(.rev16_text), (4 bytes).
    Removing misc.o(.revsh_text), (4 bytes).
    Removing misc.o(.rrx_text), (6 bytes).
    Removing misc.o(i.NVIC_SetVectorTable), (20 bytes).
    Removing misc.o(i.NVIC_SystemLPConfig), (28 bytes).
    Removing misc.o(i.SysTick_CLKSourceConfig), (28 bytes).
    Removing stm32f10x_gpio.o(.rev16_text), (4 bytes).
    Removing stm32f10x_gpio.o(.revsh_text), (4 bytes).
    Removing stm32f10x_gpio.o(.rrx_text), (6 bytes).
    Removing stm32f10x_gpio.o(i.GPIO_AFIODeInit), (22 bytes).
    Removing stm32f10x_gpio.o(i.GPIO_DeInit), (216 bytes).
    Removing stm32f10x_gpio.o(i.GPIO_ETH_MediaInterfaceConfig), (12 bytes).
    Removing stm32f10x_gpio.o(i.GPIO_EXTILineConfig), (40 bytes).
    Removing stm32f10x_gpio.o(i.GPIO_EventOutputCmd), (12 bytes).
    Removing stm32f10x_gpio.o(i.GPIO_EventOutputConfig), (28 bytes).
    Removing stm32f10x_gpio.o(i.GPIO_PinLockConfig), (16 bytes).
    Removing stm32f10x_gpio.o(i.GPIO_PinRemapConfig), (92 bytes).
    Removing stm32f10x_gpio.o(i.GPIO_ReadInputData), (6 bytes).
    Removing stm32f10x_gpio.o(i.GPIO_ReadOutputData), (6 bytes).
    Removing stm32f10x_gpio.o(i.GPIO_ReadOutputDataBit), (14 bytes).
    Removing stm32f10x_gpio.o(i.GPIO_ResetBits), (4 bytes).
    Removing stm32f10x_gpio.o(i.GPIO_StructInit), (16 bytes).
    Removing stm32f10x_gpio.o(i.GPIO_Write), (4 bytes).
    Removing stm32f10x_rcc.o(.rev16_text), (4 bytes).
    Removing stm32f10x_rcc.o(.revsh_text), (4 bytes).
    Removing stm32f10x_rcc.o(.rrx_text), (6 bytes).
    Removing stm32f10x_rcc.o(i.RCC_ADCCLKConfig), (20 bytes).
    Removing stm32f10x_rcc.o(i.RCC_AHBPeriphClockCmd), (28 bytes).
    Removing stm32f10x_rcc.o(i.RCC_APB1PeriphResetCmd), (28 bytes).
    Removing stm32f10x_rcc.o(i.RCC_APB2PeriphResetCmd), (28 bytes).
    Removing stm32f10x_rcc.o(i.RCC_AdjustHSICalibrationValue), (20 bytes).
    Removing stm32f10x_rcc.o(i.RCC_BackupResetCmd), (12 bytes).
    Removing stm32f10x_rcc.o(i.RCC_ClearFlag), (16 bytes).
    Removing stm32f10x_rcc.o(i.RCC_ClearITPendingBit), (12 bytes).
    Removing stm32f10x_rcc.o(i.RCC_ClockSecuritySystemCmd), (12 bytes).
    Removing stm32f10x_rcc.o(i.RCC_DeInit), (64 bytes).
    Removing stm32f10x_rcc.o(i.RCC_GetFlagStatus), (48 bytes).
    Removing stm32f10x_rcc.o(i.RCC_GetITStatus), (20 bytes).
    Removing stm32f10x_rcc.o(i.RCC_GetSYSCLKSource), (16 bytes).
    Removing stm32f10x_rcc.o(i.RCC_HCLKConfig), (20 bytes).
    Removing stm32f10x_rcc.o(i.RCC_HSEConfig), (56 bytes).
    Removing stm32f10x_rcc.o(i.RCC_HSICmd), (12 bytes).
    Removing stm32f10x_rcc.o(i.RCC_ITConfig), (28 bytes).
    Removing stm32f10x_rcc.o(i.RCC_LSEConfig), (40 bytes).
    Removing stm32f10x_rcc.o(i.RCC_LSICmd), (12 bytes).
    Removing stm32f10x_rcc.o(i.RCC_MCOConfig), (12 bytes).
    Removing stm32f10x_rcc.o(i.RCC_PCLK1Config), (20 bytes).
    Removing stm32f10x_rcc.o(i.RCC_PCLK2Config), (20 bytes).
    Removing stm32f10x_rcc.o(i.RCC_PLLCmd), (12 bytes).
    Removing stm32f10x_rcc.o(i.RCC_PLLConfig), (20 bytes).
    Removing stm32f10x_rcc.o(i.RCC_RTCCLKCmd), (12 bytes).
    Removing stm32f10x_rcc.o(i.RCC_RTCCLKConfig), (16 bytes).
    Removing stm32f10x_rcc.o(i.RCC_SYSCLKConfig), (20 bytes).
    Removing stm32f10x_rcc.o(i.RCC_USBCLKConfig), (12 bytes).
    Removing stm32f10x_rcc.o(i.RCC_WaitForHSEStartUp), (48 bytes).
    Removing stm32f10x_usart.o(.rev16_text), (4 bytes).
    Removing stm32f10x_usart.o(.revsh_text), (4 bytes).
    Removing stm32f10x_usart.o(.rrx_text), (6 bytes).
    Removing stm32f10x_usart.o(i.USART_ClearFlag), (8 bytes).
    Removing stm32f10x_usart.o(i.USART_ClearITPendingBit), (16 bytes).
    Removing stm32f10x_usart.o(i.USART_ClockInit), (30 bytes).
    Removing stm32f10x_usart.o(i.USART_ClockStructInit), (12 bytes).
    Removing stm32f10x_usart.o(i.USART_DMACmd), (20 bytes).
    Removing stm32f10x_usart.o(i.USART_DeInit), (164 bytes).
    Removing stm32f10x_usart.o(i.USART_HalfDuplexCmd), (24 bytes).
    Removing stm32f10x_usart.o(i.USART_IrDACmd), (24 bytes).
    Removing stm32f10x_usart.o(i.USART_IrDAConfig), (16 bytes).
    Removing stm32f10x_usart.o(i.USART_LINBreakDetectLengthConfig), (16 bytes).
    Removing stm32f10x_usart.o(i.USART_LINCmd), (24 bytes).
    Removing stm32f10x_usart.o(i.USART_OneBitMethodCmd), (24 bytes).
    Removing stm32f10x_usart.o(i.USART_OverSampling8Cmd), (24 bytes).
    Removing stm32f10x_usart.o(i.USART_ReceiverWakeUpCmd), (24 bytes).
    Removing stm32f10x_usart.o(i.USART_SendBreak), (10 bytes).
    Removing stm32f10x_usart.o(i.USART_SetAddress), (16 bytes).
    Removing stm32f10x_usart.o(i.USART_SetGuardTime), (16 bytes).
    Removing stm32f10x_usart.o(i.USART_SetPrescaler), (16 bytes).
    Removing stm32f10x_usart.o(i.USART_SmartCardCmd), (24 bytes).
    Removing stm32f10x_usart.o(i.USART_SmartCardNACKCmd), (24 bytes).
    Removing stm32f10x_usart.o(i.USART_StructInit), (22 bytes).
    Removing stm32f10x_usart.o(i.USART_WakeUpConfig), (16 bytes).
    Removing stm32f10x_i2c.o(.rev16_text), (4 bytes).
    Removing stm32f10x_i2c.o(.revsh_text), (4 bytes).
    Removing stm32f10x_i2c.o(.rrx_text), (6 bytes).
    Removing stm32f10x_i2c.o(i.I2C_ARPCmd), (24 bytes).
    Removing stm32f10x_i2c.o(i.I2C_AcknowledgeConfig), (24 bytes).
    Removing stm32f10x_i2c.o(i.I2C_CalculatePEC), (24 bytes).
    Removing stm32f10x_i2c.o(i.I2C_CheckEvent), (24 bytes).
    Removing stm32f10x_i2c.o(i.I2C_ClearFlag), (6 bytes).
    Removing stm32f10x_i2c.o(i.I2C_ClearITPendingBit), (6 bytes).
    Removing stm32f10x_i2c.o(i.I2C_Cmd), (24 bytes).
    Removing stm32f10x_i2c.o(i.I2C_DMACmd), (24 bytes).
    Removing stm32f10x_i2c.o(i.I2C_DMALastTransferCmd), (24 bytes).
    Removing stm32f10x_i2c.o(i.I2C_DeInit), (56 bytes).
    Removing stm32f10x_i2c.o(i.I2C_DualAddressCmd), (24 bytes).
    Removing stm32f10x_i2c.o(i.I2C_FastModeDutyCycleConfig), (26 bytes).
    Removing stm32f10x_i2c.o(i.I2C_GeneralCallCmd), (24 bytes).
    Removing stm32f10x_i2c.o(i.I2C_GenerateSTART), (24 bytes).
    Removing stm32f10x_i2c.o(i.I2C_GenerateSTOP), (24 bytes).
    Removing stm32f10x_i2c.o(i.I2C_GetFlagStatus), (50 bytes).
    Removing stm32f10x_i2c.o(i.I2C_GetITStatus), (34 bytes).
    Removing stm32f10x_i2c.o(i.I2C_GetLastEvent), (14 bytes).
    Removing stm32f10x_i2c.o(i.I2C_GetPEC), (6 bytes).
    Removing stm32f10x_i2c.o(i.I2C_ITConfig), (20 bytes).
    Removing stm32f10x_i2c.o(i.I2C_Init), (192 bytes).
    Removing stm32f10x_i2c.o(i.I2C_NACKPositionConfig), (26 bytes).
    Removing stm32f10x_i2c.o(i.I2C_OwnAddress2Config), (16 bytes).
    Removing stm32f10x_i2c.o(i.I2C_PECPositionConfig), (26 bytes).
    Removing stm32f10x_i2c.o(i.I2C_ReadRegister), (16 bytes).
    Removing stm32f10x_i2c.o(i.I2C_ReceiveData), (6 bytes).
    Removing stm32f10x_i2c.o(i.I2C_SMBusAlertConfig), (26 bytes).
    Removing stm32f10x_i2c.o(i.I2C_Send7bitAddress), (18 bytes).
    Removing stm32f10x_i2c.o(i.I2C_SendData), (4 bytes).
    Removing stm32f10x_i2c.o(i.I2C_SoftwareResetCmd), (24 bytes).
    Removing stm32f10x_i2c.o(i.I2C_StretchClockCmd), (24 bytes).
    Removing stm32f10x_i2c.o(i.I2C_StructInit), (28 bytes).
    Removing stm32f10x_i2c.o(i.I2C_TransmitPEC), (24 bytes).
    Removing startup_stm32f10x_hd.o(HEAP), (4608 bytes).
    Removing led.o(.rev16_text), (4 bytes).
    Removing led.o(.revsh_text), (4 bytes).
    Removing led.o(.rrx_text), (6 bytes).
    Removing led.o(i.LED_GPIO_INIT), (44 bytes).
    Removing max30102.o(.rev16_text), (4 bytes).
    Removing max30102.o(.revsh_text), (4 bytes).
    Removing max30102.o(.rrx_text), (6 bytes).
    Removing max30102.o(i.MAX30102_GetHigh), (132 bytes).
    Removing max30102.o(i.MAX30102_GetMax), (40 bytes).
    Removing max30102.o(i.MAX30102_GetMin), (40 bytes).
    Removing max30102.o(i.MAX30102_GetR), (264 bytes).
    Removing max30102.o(i.MAX30102_Reset), (8 bytes).
    Removing max30102.o(i.MAX30102_Shutdown), (8 bytes).
    Removing oled.o(.rev16_text), (4 bytes).
    Removing oled.o(.revsh_text), (4 bytes).
    Removing oled.o(.rrx_text), (6 bytes).
    Removing oled.o(i.IIC_delay), (10 bytes).
    Removing oled.o(i.OLED_ColorTurn), (34 bytes).
    Removing oled.o(i.OLED_DisPlay_Off), (30 bytes).
    Removing oled.o(i.OLED_DisPlay_On), (30 bytes).
    Removing oled.o(i.OLED_DisplayTurn), (50 bytes).
    Removing oled.o(i.OLED_DrawCircle), (202 bytes).
    Removing oled.o(i.OLED_DrawLine), (154 bytes).
    Removing oled.o(i.OLED_ScrollDisplay), (160 bytes).
    Removing oled.o(i.OLED_ShowChinese), (212 bytes).
    Removing oled.o(i.OLED_ShowPicture), (170 bytes).
    Removing blood.o(.rev16_text), (4 bytes).
    Removing blood.o(.revsh_text), (4 bytes).
    Removing blood.o(.rrx_text), (6 bytes).
    Removing blood.o(.data), (4 bytes).
    Removing blood.o(.data), (8 bytes).
    Removing algorithm.o(.rev16_text), (4 bytes).
    Removing algorithm.o(.revsh_text), (4 bytes).
    Removing algorithm.o(.rrx_text), (6 bytes).
    Removing algorithm.o(i.bw_filter), (92 bytes).
    Removing algorithm.o(i.dc_filter), (64 bytes).
    Removing algorithm.o(i.qsqrt), (44 bytes).
    Removing timer1.o(.rev16_text), (4 bytes).
    Removing timer1.o(.revsh_text), (4 bytes).
    Removing timer1.o(.rrx_text), (6 bytes).
    Removing timer1.o(i.TIMER1_GPIO_INIT), (44 bytes).
    Removing stm32f10x_tim.o(.rev16_text), (4 bytes).
    Removing stm32f10x_tim.o(.revsh_text), (4 bytes).
    Removing stm32f10x_tim.o(.rrx_text), (6 bytes).
    Removing stm32f10x_tim.o(i.TI1_Config), (116 bytes).
    Removing stm32f10x_tim.o(i.TI2_Config), (124 bytes).
    Removing stm32f10x_tim.o(i.TI3_Config), (120 bytes).
    Removing stm32f10x_tim.o(i.TI4_Config), (124 bytes).
    Removing stm32f10x_tim.o(i.TIM_ARRPreloadConfig), (24 bytes).
    Removing stm32f10x_tim.o(i.TIM_BDTRConfig), (34 bytes).
    Removing stm32f10x_tim.o(i.TIM_BDTRStructInit), (18 bytes).
    Removing stm32f10x_tim.o(i.TIM_CCPreloadControl), (24 bytes).
    Removing stm32f10x_tim.o(i.TIM_CCxCmd), (22 bytes).
    Removing stm32f10x_tim.o(i.TIM_CCxNCmd), (22 bytes).
    Removing stm32f10x_tim.o(i.TIM_ClearFlag), (6 bytes).
    Removing stm32f10x_tim.o(i.TIM_ClearOC1Ref), (12 bytes).
    Removing stm32f10x_tim.o(i.TIM_ClearOC2Ref), (20 bytes).
    Removing stm32f10x_tim.o(i.TIM_ClearOC3Ref), (12 bytes).
    Removing stm32f10x_tim.o(i.TIM_ClearOC4Ref), (20 bytes).
    Removing stm32f10x_tim.o(i.TIM_CounterModeConfig), (12 bytes).
    Removing stm32f10x_tim.o(i.TIM_CtrlPWMOutputs), (28 bytes).
    Removing stm32f10x_tim.o(i.TIM_DMACmd), (20 bytes).
    Removing stm32f10x_tim.o(i.TIM_DMAConfig), (8 bytes).
    Removing stm32f10x_tim.o(i.TIM_DeInit), (528 bytes).
    Removing stm32f10x_tim.o(i.TIM_ETRClockMode1Config), (32 bytes).
    Removing stm32f10x_tim.o(i.TIM_ETRClockMode2Config), (20 bytes).
    Removing stm32f10x_tim.o(i.TIM_ETRConfig), (24 bytes).
    Removing stm32f10x_tim.o(i.TIM_EncoderInterfaceConfig), (50 bytes).
    Removing stm32f10x_tim.o(i.TIM_ForcedOC1Config), (12 bytes).
    Removing stm32f10x_tim.o(i.TIM_ForcedOC2Config), (20 bytes).
    Removing stm32f10x_tim.o(i.TIM_ForcedOC3Config), (12 bytes).
    Removing stm32f10x_tim.o(i.TIM_ForcedOC4Config), (20 bytes).
    Removing stm32f10x_tim.o(i.TIM_GenerateEvent), (4 bytes).
    Removing stm32f10x_tim.o(i.TIM_GetCapture1), (4 bytes).
    Removing stm32f10x_tim.o(i.TIM_GetCapture2), (4 bytes).
    Removing stm32f10x_tim.o(i.TIM_GetCapture3), (4 bytes).
    Removing stm32f10x_tim.o(i.TIM_GetCapture4), (6 bytes).
    Removing stm32f10x_tim.o(i.TIM_GetCounter), (4 bytes).
    Removing stm32f10x_tim.o(i.TIM_GetITStatus), (24 bytes).
    Removing stm32f10x_tim.o(i.TIM_GetPrescaler), (4 bytes).
    Removing stm32f10x_tim.o(i.TIM_ICInit), (140 bytes).
    Removing stm32f10x_tim.o(i.TIM_ICStructInit), (16 bytes).
    Removing stm32f10x_tim.o(i.TIM_ITRxExternalClockConfig), (20 bytes).
    Removing stm32f10x_tim.o(i.TIM_OC1FastConfig), (12 bytes).
    Removing stm32f10x_tim.o(i.TIM_OC1Init), (136 bytes).
    Removing stm32f10x_tim.o(i.TIM_OC1NPolarityConfig), (12 bytes).
    Removing stm32f10x_tim.o(i.TIM_OC1PolarityConfig), (12 bytes).
    Removing stm32f10x_tim.o(i.TIM_OC1PreloadConfig), (12 bytes).
    Removing stm32f10x_tim.o(i.TIM_OC2FastConfig), (20 bytes).
    Removing stm32f10x_tim.o(i.TIM_OC2Init), (136 bytes).
    Removing stm32f10x_tim.o(i.TIM_OC2NPolarityConfig), (20 bytes).
    Removing stm32f10x_tim.o(i.TIM_OC2PolarityConfig), (20 bytes).
    Removing stm32f10x_tim.o(i.TIM_OC2PreloadConfig), (20 bytes).
    Removing stm32f10x_tim.o(i.TIM_OC3FastConfig), (12 bytes).
    Removing stm32f10x_tim.o(i.TIM_OC3Init), (132 bytes).
    Removing stm32f10x_tim.o(i.TIM_OC3NPolarityConfig), (20 bytes).
    Removing stm32f10x_tim.o(i.TIM_OC3PolarityConfig), (20 bytes).
    Removing stm32f10x_tim.o(i.TIM_OC3PreloadConfig), (12 bytes).
    Removing stm32f10x_tim.o(i.TIM_OC4FastConfig), (20 bytes).
    Removing stm32f10x_tim.o(i.TIM_OC4Init), (104 bytes).
    Removing stm32f10x_tim.o(i.TIM_OC4PolarityConfig), (20 bytes).
    Removing stm32f10x_tim.o(i.TIM_OC4PreloadConfig), (20 bytes).
    Removing stm32f10x_tim.o(i.TIM_OCStructInit), (20 bytes).
    Removing stm32f10x_tim.o(i.TIM_PWMIConfig), (110 bytes).
    Removing stm32f10x_tim.o(i.TIM_PrescalerConfig), (6 bytes).
    Removing stm32f10x_tim.o(i.TIM_SelectCCDMA), (24 bytes).
    Removing stm32f10x_tim.o(i.TIM_SelectCOM), (24 bytes).
    Removing stm32f10x_tim.o(i.TIM_SelectHallSensor), (24 bytes).
    Removing stm32f10x_tim.o(i.TIM_SelectInputTrigger), (12 bytes).
    Removing stm32f10x_tim.o(i.TIM_SelectMasterSlaveMode), (16 bytes).
    Removing stm32f10x_tim.o(i.TIM_SelectOCxM), (76 bytes).
    Removing stm32f10x_tim.o(i.TIM_SelectOnePulseMode), (16 bytes).
    Removing stm32f10x_tim.o(i.TIM_SelectOutputTrigger), (16 bytes).
    Removing stm32f10x_tim.o(i.TIM_SelectSlaveMode), (16 bytes).
    Removing stm32f10x_tim.o(i.TIM_SetAutoreload), (4 bytes).
    Removing stm32f10x_tim.o(i.TIM_SetClockDivision), (16 bytes).
    Removing stm32f10x_tim.o(i.TIM_SetCompare1), (4 bytes).
    Removing stm32f10x_tim.o(i.TIM_SetCompare2), (4 bytes).
    Removing stm32f10x_tim.o(i.TIM_SetCompare3), (4 bytes).
    Removing stm32f10x_tim.o(i.TIM_SetCompare4), (6 bytes).
    Removing stm32f10x_tim.o(i.TIM_SetCounter), (4 bytes).
    Removing stm32f10x_tim.o(i.TIM_SetIC1Prescaler), (16 bytes).
    Removing stm32f10x_tim.o(i.TIM_SetIC2Prescaler), (24 bytes).
    Removing stm32f10x_tim.o(i.TIM_SetIC3Prescaler), (16 bytes).
    Removing stm32f10x_tim.o(i.TIM_SetIC4Prescaler), (24 bytes).
    Removing stm32f10x_tim.o(i.TIM_TIxExternalClockConfig), (48 bytes).
    Removing stm32f10x_tim.o(i.TIM_TimeBaseStructInit), (18 bytes).
    Removing stm32f10x_tim.o(i.TIM_UpdateDisableConfig), (24 bytes).
    Removing stm32f10x_tim.o(i.TIM_UpdateRequestConfig), (24 bytes).
    Removing usart1.o(.rev16_text), (4 bytes).
    Removing usart1.o(.revsh_text), (4 bytes).
    Removing usart1.o(.rrx_text), (6 bytes).
    Removing i2c.o(.rev16_text), (4 bytes).
    Removing i2c.o(.revsh_text), (4 bytes).
    Removing i2c.o(.rrx_text), (6 bytes).
    Removing i2c.o(i.I2C_Search_slaveadr), (52 bytes).

269 unused section(s) (total 14772 bytes) removed from the image.

==============================================================================

Image Symbol Table

    Local Symbols

    Symbol Name                              Value     Ov Type        Size  Object(Section)

    ../clib/microlib/division.c              0x00000000   Number         0  uldiv.o ABSOLUTE
    ../clib/microlib/division.c              0x00000000   Number         0  uidiv.o ABSOLUTE
    ../clib/microlib/errno.c                 0x00000000   Number         0  errno.o ABSOLUTE
    ../clib/microlib/init/entry.s            0x00000000   Number         0  entry11a.o ABSOLUTE
    ../clib/microlib/init/entry.s            0x00000000   Number         0  entry11b.o ABSOLUTE
    ../clib/microlib/init/entry.s            0x00000000   Number         0  entry7a.o ABSOLUTE
    ../clib/microlib/init/entry.s            0x00000000   Number         0  entry5.o ABSOLUTE
    ../clib/microlib/init/entry.s            0x00000000   Number         0  entry2.o ABSOLUTE
    ../clib/microlib/init/entry.s            0x00000000   Number         0  entry.o ABSOLUTE
    ../clib/microlib/init/entry.s            0x00000000   Number         0  entry7b.o ABSOLUTE
    ../clib/microlib/init/entry.s            0x00000000   Number         0  entry8a.o ABSOLUTE
    ../clib/microlib/init/entry.s            0x00000000   Number         0  entry8b.o ABSOLUTE
    ../clib/microlib/init/entry.s            0x00000000   Number         0  entry9a.o ABSOLUTE
    ../clib/microlib/init/entry.s            0x00000000   Number         0  entry9b.o ABSOLUTE
    ../clib/microlib/init/entry.s            0x00000000   Number         0  entry10a.o ABSOLUTE
    ../clib/microlib/init/entry.s            0x00000000   Number         0  entry10b.o ABSOLUTE
    ../clib/microlib/longlong.c              0x00000000   Number         0  llushr.o ABSOLUTE
    ../clib/microlib/longlong.c              0x00000000   Number         0  llsshr.o ABSOLUTE
    ../clib/microlib/longlong.c              0x00000000   Number         0  llshl.o ABSOLUTE
    ../clib/microlib/printf/printf.c         0x00000000   Number         0  printf2.o ABSOLUTE
    ../clib/microlib/printf/printf.c         0x00000000   Number         0  printf4.o ABSOLUTE
    ../clib/microlib/printf/printf.c         0x00000000   Number         0  printf0.o ABSOLUTE
    ../clib/microlib/printf/printf.c         0x00000000   Number         0  printfa.o ABSOLUTE
    ../clib/microlib/printf/printf.c         0x00000000   Number         0  printf8.o ABSOLUTE
    ../clib/microlib/printf/printf.c         0x00000000   Number         0  printf7.o ABSOLUTE
    ../clib/microlib/printf/printf.c         0x00000000   Number         0  printf6.o ABSOLUTE
    ../clib/microlib/printf/printf.c         0x00000000   Number         0  printf5.o ABSOLUTE
    ../clib/microlib/printf/printf.c         0x00000000   Number         0  printfb.o ABSOLUTE
    ../clib/microlib/printf/printf.c         0x00000000   Number         0  printf3.o ABSOLUTE
    ../clib/microlib/printf/printf.c         0x00000000   Number         0  printf1.o ABSOLUTE
    ../clib/microlib/printf/stubs.s          0x00000000   Number         0  stubs.o ABSOLUTE
    ../clib/microlib/stdio/streams.c         0x00000000   Number         0  stdout.o ABSOLUTE
    ../clib/microlib/stubs.s                 0x00000000   Number         0  iusefp.o ABSOLUTE
    ../fplib/microlib/d2f.c                  0x00000000   Number         0  d2f.o ABSOLUTE
    ../fplib/microlib/f2d.c                  0x00000000   Number         0  f2d.o ABSOLUTE
    ../fplib/microlib/fpadd.c                0x00000000   Number         0  fadd.o ABSOLUTE
    ../fplib/microlib/fpadd.c                0x00000000   Number         0  dadd.o ABSOLUTE
    ../fplib/microlib/fpdiv.c                0x00000000   Number         0  fdiv.o ABSOLUTE
    ../fplib/microlib/fpdiv.c                0x00000000   Number         0  ddiv.o ABSOLUTE
    ../fplib/microlib/fpepilogue.c           0x00000000   Number         0  depilogue.o ABSOLUTE
    ../fplib/microlib/fpepilogue.c           0x00000000   Number         0  fepilogue.o ABSOLUTE
    ../fplib/microlib/fpfix.c                0x00000000   Number         0  ffixui.o ABSOLUTE
    ../fplib/microlib/fpfix.c                0x00000000   Number         0  dfixi.o ABSOLUTE
    ../fplib/microlib/fpfix.c                0x00000000   Number         0  ffixi.o ABSOLUTE
    ../fplib/microlib/fpfix.c                0x00000000   Number         0  dfixul.o ABSOLUTE
    ../fplib/microlib/fpflt.c                0x00000000   Number         0  dflti.o ABSOLUTE
    ../fplib/microlib/fpflt.c                0x00000000   Number         0  fflti.o ABSOLUTE
    ../fplib/microlib/fpflt.c                0x00000000   Number         0  ffltui.o ABSOLUTE
    ../fplib/microlib/fpmul.c                0x00000000   Number         0  fmul.o ABSOLUTE
    ../fplib/microlib/fpmul.c                0x00000000   Number         0  dmul.o ABSOLUTE
    ../fplib/microlib/fpscalb.c              0x00000000   Number         0  fscalb.o ABSOLUTE
    ../fplib/microlib/fpscalb.c              0x00000000   Number         0  dscalb.o ABSOLUTE
    ../fplib/microlib/fpsqrt.c               0x00000000   Number         0  fsqrt.o ABSOLUTE
    ../mathlib/sqrtf.c                       0x00000000   Number         0  sqrtf.o ABSOLUTE
    ../mathlib/sqrtf.c                       0x00000000   Number         0  sqrtf_x.o ABSOLUTE
    ..\..\00_Template_F103C8T6\Firmware\STM32F10x_StdPeriph_Driver\src\stm32f10x_usart.c 0x00000000   Number         0  stm32f10x_usart.o ABSOLUTE
    ..\Drivers\I2C\I2C.c                     0x00000000   Number         0  i2c.o ABSOLUTE
    ..\Drivers\Usart\Usart1.c                0x00000000   Number         0  usart1.o ABSOLUTE
    ..\Firmware\CMSIS\CM3\DeviceSupport\ST\STM32F10x\startup\arm\startup_stm32f10x_hd.s 0x00000000   Number         0  startup_stm32f10x_hd.o ABSOLUTE
    ..\Firmware\STM32F10x_StdPeriph_Driver\src\misc.c 0x00000000   Number         0  misc.o ABSOLUTE
    ..\Firmware\STM32F10x_StdPeriph_Driver\src\stm32f10x_gpio.c 0x00000000   Number         0  stm32f10x_gpio.o ABSOLUTE
    ..\Firmware\STM32F10x_StdPeriph_Driver\src\stm32f10x_i2c.c 0x00000000   Number         0  stm32f10x_i2c.o ABSOLUTE
    ..\Firmware\STM32F10x_StdPeriph_Driver\src\stm32f10x_rcc.c 0x00000000   Number         0  stm32f10x_rcc.o ABSOLUTE
    ..\Firmware\STM32F10x_StdPeriph_Driver\src\stm32f10x_tim.c 0x00000000   Number         0  stm32f10x_tim.o ABSOLUTE
    ..\Hardware\Algorithm\algorithm.c        0x00000000   Number         0  algorithm.o ABSOLUTE
    ..\Hardware\Blood\blood.c                0x00000000   Number         0  blood.o ABSOLUTE
    ..\Hardware\Led\Led.c                    0x00000000   Number         0  led.o ABSOLUTE
    ..\Hardware\MAX30102\MAX30102.c          0x00000000   Number         0  max30102.o ABSOLUTE
    ..\Hardware\Timer\Timer1.c               0x00000000   Number         0  timer1.o ABSOLUTE
    ..\Hardware\oled\oled.c                  0x00000000   Number         0  oled.o ABSOLUTE
    ..\\..\\00_Template_F103C8T6\\Firmware\\STM32F10x_StdPeriph_Driver\\src\\stm32f10x_usart.c 0x00000000   Number         0  stm32f10x_usart.o ABSOLUTE
    ..\\Drivers\\I2C\\I2C.c                  0x00000000   Number         0  i2c.o ABSOLUTE
    ..\\Drivers\\Usart\\Usart1.c             0x00000000   Number         0  usart1.o ABSOLUTE
    ..\\Firmware\\STM32F10x_StdPeriph_Driver\\src\\misc.c 0x00000000   Number         0  misc.o ABSOLUTE
    ..\\Firmware\\STM32F10x_StdPeriph_Driver\\src\\stm32f10x_gpio.c 0x00000000   Number         0  stm32f10x_gpio.o ABSOLUTE
    ..\\Firmware\\STM32F10x_StdPeriph_Driver\\src\\stm32f10x_i2c.c 0x00000000   Number         0  stm32f10x_i2c.o ABSOLUTE
    ..\\Firmware\\STM32F10x_StdPeriph_Driver\\src\\stm32f10x_rcc.c 0x00000000   Number         0  stm32f10x_rcc.o ABSOLUTE
    ..\\Firmware\\STM32F10x_StdPeriph_Driver\\src\\stm32f10x_tim.c 0x00000000   Number         0  stm32f10x_tim.o ABSOLUTE
    ..\\Hardware\\Algorithm\\algorithm.c     0x00000000   Number         0  algorithm.o ABSOLUTE
    ..\\Hardware\\Blood\\blood.c             0x00000000   Number         0  blood.o ABSOLUTE
    ..\\Hardware\\Led\\Led.c                 0x00000000   Number         0  led.o ABSOLUTE
    ..\\Hardware\\MAX30102\\MAX30102.c       0x00000000   Number         0  max30102.o ABSOLUTE
    ..\\Hardware\\Timer\\Timer1.c            0x00000000   Number         0  timer1.o ABSOLUTE
    ..\\Hardware\\oled\\oled.c               0x00000000   Number         0  oled.o ABSOLUTE
    Systick.c                                0x00000000   Number         0  systick.o ABSOLUTE
    Systick.c                                0x00000000   Number         0  systick.o ABSOLUTE
    cdcmple.s                                0x00000000   Number         0  cdcmple.o ABSOLUTE
    cdrcmple.s                               0x00000000   Number         0  cdrcmple.o ABSOLUTE
    cfcmple.s                                0x00000000   Number         0  cfcmple.o ABSOLUTE
    dc.s                                     0x00000000   Number         0  dc.o ABSOLUTE
    handlers.s                               0x00000000   Number         0  handlers.o ABSOLUTE
    init.s                                   0x00000000   Number         0  init.o ABSOLUTE
    main.c                                   0x00000000   Number         0  main.o ABSOLUTE
    main.c                                   0x00000000   Number         0  main.o ABSOLUTE
    stm32f10x_it.c                           0x00000000   Number         0  stm32f10x_it.o ABSOLUTE
    stm32f10x_it.c                           0x00000000   Number         0  stm32f10x_it.o ABSOLUTE
    system_stm32f10x.c                       0x00000000   Number         0  system_stm32f10x.o ABSOLUTE
    system_stm32f10x.c                       0x00000000   Number         0  system_stm32f10x.o ABSOLUTE
    RESET                                    0x08000000   Section      304  startup_stm32f10x_hd.o(RESET)
    .ARM.Collect$$$$00000000                 0x08000130   Section        0  entry.o(.ARM.Collect$$$$00000000)
    .ARM.Collect$$$$00000001                 0x08000130   Section        4  entry2.o(.ARM.Collect$$$$00000001)
    .ARM.Collect$$$$00000004                 0x08000134   Section        4  entry5.o(.ARM.Collect$$$$00000004)
    .ARM.Collect$$$$00000008                 0x08000138   Section        0  entry7b.o(.ARM.Collect$$$$00000008)
    .ARM.Collect$$$$0000000A                 0x08000138   Section        0  entry8b.o(.ARM.Collect$$$$0000000A)
    .ARM.Collect$$$$0000000B                 0x08000138   Section        8  entry9a.o(.ARM.Collect$$$$0000000B)
    .ARM.Collect$$$$0000000D                 0x08000140   Section        0  entry10a.o(.ARM.Collect$$$$0000000D)
    .ARM.Collect$$$$0000000F                 0x08000140   Section        0  entry11a.o(.ARM.Collect$$$$0000000F)
    .ARM.Collect$$$$00002712                 0x08000140   Section        4  entry2.o(.ARM.Collect$$$$00002712)
    __lit__00000000                          0x08000140   Data           4  entry2.o(.ARM.Collect$$$$00002712)
    .text                                    0x08000144   Section       36  startup_stm32f10x_hd.o(.text)
    .text                                    0x08000168   Section        0  fadd.o(.text)
    .text                                    0x08000218   Section        0  fmul.o(.text)
    .text                                    0x0800027c   Section        0  fdiv.o(.text)
    .text                                    0x080002f8   Section        0  fscalb.o(.text)
    .text                                    0x08000310   Section        0  dadd.o(.text)
    .text                                    0x0800045e   Section        0  dmul.o(.text)
    .text                                    0x08000542   Section        0  ddiv.o(.text)
    .text                                    0x08000620   Section        0  dscalb.o(.text)
    .text                                    0x0800064e   Section        0  fflti.o(.text)
    .text                                    0x08000660   Section        0  ffltui.o(.text)
    .text                                    0x0800066a   Section        0  dflti.o(.text)
    .text                                    0x0800068c   Section        0  ffixi.o(.text)
    .text                                    0x080006be   Section        0  ffixui.o(.text)
    .text                                    0x080006e6   Section        0  dfixi.o(.text)
    .text                                    0x08000724   Section        0  f2d.o(.text)
    .text                                    0x0800074c   Section       48  cdcmple.o(.text)
    .text                                    0x0800077c   Section       48  cdrcmple.o(.text)
    .text                                    0x080007ac   Section        0  d2f.o(.text)
    .text                                    0x080007e4   Section       20  cfcmple.o(.text)
    .text                                    0x080007f8   Section        0  uidiv.o(.text)
    .text                                    0x08000824   Section        0  uldiv.o(.text)
    .text                                    0x08000886   Section        0  llshl.o(.text)
    .text                                    0x080008a4   Section        0  llushr.o(.text)
    .text                                    0x080008c4   Section        0  llsshr.o(.text)
    .text                                    0x080008e8   Section        0  iusefp.o(.text)
    .text                                    0x080008e8   Section        0  fepilogue.o(.text)
    .text                                    0x08000956   Section        0  fsqrt.o(.text)
    .text                                    0x080009b4   Section        0  depilogue.o(.text)
    .text                                    0x08000a6e   Section        0  dfixul.o(.text)
    .text                                    0x08000aa0   Section       36  init.o(.text)
    i.BusFault_Handler                       0x08000ac4   Section        0  stm32f10x_it.o(i.BusFault_Handler)
    i.DebugMon_Handler                       0x08000ac6   Section        0  stm32f10x_it.o(i.DebugMon_Handler)
    i.EE                                     0x08000ac8   Section        0  algorithm.o(i.EE)
    i.FFT                                    0x08000b10   Section        0  algorithm.o(i.FFT)
    i.GPIO_Init                              0x08000c60   Section        0  stm32f10x_gpio.o(i.GPIO_Init)
    i.GPIO_ReadInputDataBit                  0x08000d06   Section        0  stm32f10x_gpio.o(i.GPIO_ReadInputDataBit)
    i.GPIO_SetBits                           0x08000d14   Section        0  stm32f10x_gpio.o(i.GPIO_SetBits)
    i.GPIO_WriteBit                          0x08000d18   Section        0  stm32f10x_gpio.o(i.GPIO_WriteBit)
    i.HardFault_Handler                      0x08000d24   Section        0  stm32f10x_it.o(i.HardFault_Handler)
    i.I2C_ACK                                0x08000d28   Section        0  i2c.o(i.I2C_ACK)
    i.I2C_ACK_WAIT                           0x08000d9c   Section        0  i2c.o(i.I2C_ACK_WAIT)
    i.I2C_Configuration                      0x08000de4   Section        0  i2c.o(i.I2C_Configuration)
    i.I2C_Delay                              0x08000e1c   Section        0  i2c.o(i.I2C_Delay)
    i.I2C_ReadByte                           0x08000e26   Section        0  i2c.o(i.I2C_ReadByte)
    i.I2C_Read_Byte                          0x08000e98   Section        0  i2c.o(i.I2C_Read_Byte)
    i.I2C_Start                              0x08000ee8   Section        0  i2c.o(i.I2C_Start)
    i.I2C_Stop                               0x08000f28   Section        0  i2c.o(i.I2C_Stop)
    i.I2C_WriteByte                          0x08000f5c   Section        0  i2c.o(i.I2C_WriteByte)
    i.IIC_Send_Byte                          0x08000f9c   Section        0  i2c.o(i.IIC_Send_Byte)
    i.MAX30102_I2C_Read                      0x08000ff0   Section        0  max30102.o(i.MAX30102_I2C_Read)
    i.MAX30102_I2C_Write                     0x08000ffc   Section        0  max30102.o(i.MAX30102_I2C_Write)
    i.MAX30102_INPUT_INIT                    0x08001008   Section        0  max30102.o(i.MAX30102_INPUT_INIT)
    i.MAX30102_Init                          0x0800103c   Section        0  max30102.o(i.MAX30102_Init)
    i.MAX30102_ReadFifo                      0x080010d0   Section        0  max30102.o(i.MAX30102_ReadFifo)
    i.MemManage_Handler                      0x08001150   Section        0  stm32f10x_it.o(i.MemManage_Handler)
    i.NMI_Handler                            0x08001152   Section        0  stm32f10x_it.o(i.NMI_Handler)
    i.NVIC_Init                              0x08001154   Section        0  misc.o(i.NVIC_Init)
    i.NVIC_PriorityGroupConfig               0x080011b8   Section        0  misc.o(i.NVIC_PriorityGroupConfig)
    i.OLED_Clear                             0x080011cc   Section        0  oled.o(i.OLED_Clear)
    i.OLED_DrawPoint                         0x080011f8   Section        0  oled.o(i.OLED_DrawPoint)
    i.OLED_Init                              0x08001228   Section        0  oled.o(i.OLED_Init)
    i.OLED_Pow                               0x08001302   Section        0  oled.o(i.OLED_Pow)
    i.OLED_Refresh                           0x08001314   Section        0  oled.o(i.OLED_Refresh)
    i.OLED_ShowChar                          0x08001360   Section        0  oled.o(i.OLED_ShowChar)
    i.OLED_ShowNum                           0x08001458   Section        0  oled.o(i.OLED_ShowNum)
    i.OLED_ShowString                        0x080014d2   Section        0  oled.o(i.OLED_ShowString)
    i.OLED_WR_Byte                           0x0800150e   Section        0  oled.o(i.OLED_WR_Byte)
    i.PendSV_Handler                         0x0800151a   Section        0  stm32f10x_it.o(i.PendSV_Handler)
    i.RCC_APB1PeriphClockCmd                 0x0800151c   Section        0  stm32f10x_rcc.o(i.RCC_APB1PeriphClockCmd)
    i.RCC_APB2PeriphClockCmd                 0x08001538   Section        0  stm32f10x_rcc.o(i.RCC_APB2PeriphClockCmd)
    i.RCC_GetClocksFreq                      0x08001554   Section        0  stm32f10x_rcc.o(i.RCC_GetClocksFreq)
    i.SVC_Handler                            0x08001600   Section        0  stm32f10x_it.o(i.SVC_Handler)
    i.SerialPort_SendByte                    0x08001604   Section        0  usart1.o(i.SerialPort_SendByte)
    i.SetSysClock                            0x08001624   Section        0  system_stm32f10x.o(i.SetSysClock)
    SetSysClock                              0x08001625   Thumb Code     4  system_stm32f10x.o(i.SetSysClock)
    i.SetSysClockTo72                        0x08001628   Section        0  system_stm32f10x.o(i.SetSysClockTo72)
    SetSysClockTo72                          0x08001629   Thumb Code   166  system_stm32f10x.o(i.SetSysClockTo72)
    i.SysTick_Handler                        0x080016d8   Section        0  stm32f10x_it.o(i.SysTick_Handler)
    i.SystemInit                             0x080016dc   Section        0  system_stm32f10x.o(i.SystemInit)
    i.TIM2_IRQHandler                        0x0800172c   Section        0  timer1.o(i.TIM2_IRQHandler)
    i.TIMER1_PARAM_CONFIG                    0x0800175c   Section        0  timer1.o(i.TIMER1_PARAM_CONFIG)
    i.TIM_ClearITPendingBit                  0x080017d6   Section        0  stm32f10x_tim.o(i.TIM_ClearITPendingBit)
    i.TIM_Cmd                                0x080017dc   Section        0  stm32f10x_tim.o(i.TIM_Cmd)
    i.TIM_GetFlagStatus                      0x080017f4   Section        0  stm32f10x_tim.o(i.TIM_GetFlagStatus)
    i.TIM_ITConfig                           0x08001802   Section        0  stm32f10x_tim.o(i.TIM_ITConfig)
    i.TIM_InternalClockConfig                0x08001816   Section        0  stm32f10x_tim.o(i.TIM_InternalClockConfig)
    i.TIM_TimeBaseInit                       0x08001820   Section        0  stm32f10x_tim.o(i.TIM_TimeBaseInit)
    i.USART1_IRQHandler                      0x080018bc   Section        0  usart1.o(i.USART1_IRQHandler)
    i.USART_Cmd                              0x080018f0   Section        0  stm32f10x_usart.o(i.USART_Cmd)
    i.USART_GPIO_INIT                        0x08001908   Section        0  usart1.o(i.USART_GPIO_INIT)
    i.USART_GetFlagStatus                    0x08001950   Section        0  stm32f10x_usart.o(i.USART_GetFlagStatus)
    i.USART_GetITStatus                      0x0800195e   Section        0  stm32f10x_usart.o(i.USART_GetITStatus)
    i.USART_ITConfig                         0x0800199e   Section        0  stm32f10x_usart.o(i.USART_ITConfig)
    i.USART_Init                             0x080019d4   Section        0  stm32f10x_usart.o(i.USART_Init)
    i.USART_PARAM_CONFIG                     0x08001a90   Section        0  usart1.o(i.USART_PARAM_CONFIG)
    i.USART_ReceiveData                      0x08001af4   Section        0  stm32f10x_usart.o(i.USART_ReceiveData)
    i.USART_SendData                         0x08001afc   Section        0  stm32f10x_usart.o(i.USART_SendData)
    i.UsageFault_Handler                     0x08001b04   Section        0  stm32f10x_it.o(i.UsageFault_Handler)
    i.WriteCmd                               0x08001b06   Section        0  oled.o(i.WriteCmd)
    i.WriteDat                               0x08001b10   Section        0  oled.o(i.WriteDat)
    i.XCos                                   0x08001b1c   Section        0  algorithm.o(i.XCos)
    i.XSin                                   0x08001b38   Section        0  algorithm.o(i.XSin)
    i.__0printf                              0x08001d04   Section        0  printfa.o(i.__0printf)
    i.__NVIC_SetPriority                     0x08001d24   Section        0  systick.o(i.__NVIC_SetPriority)
    __NVIC_SetPriority                       0x08001d25   Thumb Code    32  systick.o(i.__NVIC_SetPriority)
    i.__scatterload_copy                     0x08001d44   Section       14  handlers.o(i.__scatterload_copy)
    i.__scatterload_null                     0x08001d52   Section        2  handlers.o(i.__scatterload_null)
    i.__scatterload_zeroinit                 0x08001d54   Section       14  handlers.o(i.__scatterload_zeroinit)
    i.__set_errno                            0x08001d64   Section        0  errno.o(i.__set_errno)
    i._fp_digits                             0x08001d70   Section        0  printfa.o(i._fp_digits)
    _fp_digits                               0x08001d71   Thumb Code   366  printfa.o(i._fp_digits)
    i._printf_core                           0x08001ef4   Section        0  printfa.o(i._printf_core)
    _printf_core                             0x08001ef5   Thumb Code  1744  printfa.o(i._printf_core)
    i._printf_post_padding                   0x080025d0   Section        0  printfa.o(i._printf_post_padding)
    _printf_post_padding                     0x080025d1   Thumb Code    36  printfa.o(i._printf_post_padding)
    i._printf_pre_padding                    0x080025f4   Section        0  printfa.o(i._printf_pre_padding)
    _printf_pre_padding                      0x080025f5   Thumb Code    46  printfa.o(i._printf_pre_padding)
    i.blood_Loop                             0x08002624   Section        0  blood.o(i.blood_Loop)
    i.blood_data_translate                   0x080026e0   Section        0  blood.o(i.blood_data_translate)
    i.blood_data_update                      0x080029ec   Section        0  blood.o(i.blood_data_update)
    i.delay_1ms                              0x08002a44   Section        0  systick.o(i.delay_1ms)
    i.delay_1us                              0x08002a5c   Section        0  systick.o(i.delay_1us)
    i.delay_decrement                        0x08002a6c   Section        0  systick.o(i.delay_decrement)
    i.find_max_num_index                     0x08002a80   Section        0  algorithm.o(i.find_max_num_index)
    i.fputc                                  0x08002aae   Section        0  usart1.o(i.fputc)
    i.main                                   0x08002abc   Section        0  main.o(i.main)
    i.my_floor                               0x08002b14   Section        0  algorithm.o(i.my_floor)
    i.my_fmod                                0x08002b40   Section        0  algorithm.o(i.my_fmod)
    i.sqrtf                                  0x08002bcc   Section        0  sqrtf.o(i.sqrtf)
    i.systick_config                         0x08002bf8   Section        0  systick.o(i.systick_config)
    .constdata                               0x08002c44   Section     7696  oled.o(.constdata)
    .constdata                               0x08004a58   Section      808  algorithm.o(.constdata)
    XSinTbl                                  0x08004a58   Data         808  algorithm.o(.constdata)
    .data                                    0x20000000   Section       20  system_stm32f10x.o(.data)
    .data                                    0x20000014   Section        4  systick.o(.data)
    delay                                    0x20000014   Data           4  systick.o(.data)
    .data                                    0x20000018   Section       20  stm32f10x_rcc.o(.data)
    ADCPrescTable                            0x20000018   Data           4  stm32f10x_rcc.o(.data)
    APBAHBPrescTable                         0x2000001c   Data          16  stm32f10x_rcc.o(.data)
    .data                                    0x2000002c   Section       24  max30102.o(.data)
    H_FLAG                                   0x2000002c   Data           1  max30102.o(.data)
    L_FLAG                                   0x2000002d   Data           1  max30102.o(.data)
    finger_flag                              0x2000002e   Data           1  max30102.o(.data)
    Max_index                                0x2000002f   Data           2  max30102.o(.data)
    Min_index                                0x20000031   Data           2  max30102.o(.data)
    red_max                                  0x20000034   Data           4  max30102.o(.data)
    red_min                                  0x20000038   Data           4  max30102.o(.data)
    ir_max                                   0x2000003c   Data           4  max30102.o(.data)
    ir_min                                   0x20000040   Data           4  max30102.o(.data)
    .data                                    0x20000044   Section       12  blood.o(.data)
    .data                                    0x20000050   Section        1  i2c.o(.data)
    data_read                                0x20000050   Data           1  i2c.o(.data)
    .data                                    0x20000054   Section        4  stdout.o(.data)
    .data                                    0x20000058   Section        4  errno.o(.data)
    _errno                                   0x20000058   Data           4  errno.o(.data)
    .bss                                     0x2000005c   Section     1152  oled.o(.bss)
    .bss                                     0x200004dc   Section     8448  blood.o(.bss)
    STACK                                    0x200025e0   Section     5120  startup_stm32f10x_hd.o(STACK)

    Global Symbols

    Symbol Name                              Value     Ov Type        Size  Object(Section)

    BuildAttributes$$THM_ISAv4$P$D$K$B$S$PE$A:L22UL41UL21$X:L11$S22US41US21$IEEE1$IW$USESV6$~STKCKD$USESV7$~SHL$OTIME$ROPI$IEEEJ$EBA8$MICROLIB$REQ8$PRES8$EABIv2 0x00000000   Number         0  anon$$obj.o ABSOLUTE
    __ARM_use_no_argv                        0x00000000   Number         0  main.o ABSOLUTE
    _printf_a                                0x00000000   Number         0  stubs.o ABSOLUTE
    _printf_c                                0x00000000   Number         0  stubs.o ABSOLUTE
    _printf_charcount                        0x00000000   Number         0  stubs.o ABSOLUTE
    _printf_d                                0x00000000   Number         0  stubs.o ABSOLUTE
    _printf_e                                0x00000000   Number         0  stubs.o ABSOLUTE
    _printf_f                                0x00000000   Number         0  stubs.o ABSOLUTE
    _printf_flags                            0x00000000   Number         0  stubs.o ABSOLUTE
    _printf_fp_dec                           0x00000000   Number         0  stubs.o ABSOLUTE
    _printf_fp_hex                           0x00000000   Number         0  stubs.o ABSOLUTE
    _printf_g                                0x00000000   Number         0  stubs.o ABSOLUTE
    _printf_i                                0x00000000   Number         0  stubs.o ABSOLUTE
    _printf_int_dec                          0x00000000   Number         0  stubs.o ABSOLUTE
    _printf_l                                0x00000000   Number         0  stubs.o ABSOLUTE
    _printf_lc                               0x00000000   Number         0  stubs.o ABSOLUTE
    _printf_ll                               0x00000000   Number         0  stubs.o ABSOLUTE
    _printf_lld                              0x00000000   Number         0  stubs.o ABSOLUTE
    _printf_lli                              0x00000000   Number         0  stubs.o ABSOLUTE
    _printf_llo                              0x00000000   Number         0  stubs.o ABSOLUTE
    _printf_llu                              0x00000000   Number         0  stubs.o ABSOLUTE
    _printf_llx                              0x00000000   Number         0  stubs.o ABSOLUTE
    _printf_longlong_dec                     0x00000000   Number         0  stubs.o ABSOLUTE
    _printf_longlong_hex                     0x00000000   Number         0  stubs.o ABSOLUTE
    _printf_longlong_oct                     0x00000000   Number         0  stubs.o ABSOLUTE
    _printf_ls                               0x00000000   Number         0  stubs.o ABSOLUTE
    _printf_mbtowc                           0x00000000   Number         0  stubs.o ABSOLUTE
    _printf_n                                0x00000000   Number         0  stubs.o ABSOLUTE
    _printf_o                                0x00000000   Number         0  stubs.o ABSOLUTE
    _printf_p                                0x00000000   Number         0  stubs.o ABSOLUTE
    _printf_percent                          0x00000000   Number         0  stubs.o ABSOLUTE
    _printf_pre_padding                      0x00000000   Number         0  stubs.o ABSOLUTE
    _printf_return_value                     0x00000000   Number         0  stubs.o ABSOLUTE
    _printf_s                                0x00000000   Number         0  stubs.o ABSOLUTE
    _printf_sizespec                         0x00000000   Number         0  stubs.o ABSOLUTE
    _printf_str                              0x00000000   Number         0  stubs.o ABSOLUTE
    _printf_truncate_signed                  0x00000000   Number         0  stubs.o ABSOLUTE
    _printf_truncate_unsigned                0x00000000   Number         0  stubs.o ABSOLUTE
    _printf_u                                0x00000000   Number         0  stubs.o ABSOLUTE
    _printf_wc                               0x00000000   Number         0  stubs.o ABSOLUTE
    _printf_wctomb                           0x00000000   Number         0  stubs.o ABSOLUTE
    _printf_widthprec                        0x00000000   Number         0  stubs.o ABSOLUTE
    _printf_x                                0x00000000   Number         0  stubs.o ABSOLUTE
    __cpp_initialize__aeabi_                  - Undefined Weak Reference
    __cxa_finalize                            - Undefined Weak Reference
    __decompress                              - Undefined Weak Reference
    _clock_init                               - Undefined Weak Reference
    _microlib_exit                            - Undefined Weak Reference
    __Vectors_Size                           0x00000130   Number         0  startup_stm32f10x_hd.o ABSOLUTE
    __Vectors                                0x08000000   Data           4  startup_stm32f10x_hd.o(RESET)
    __Vectors_End                            0x08000130   Data           0  startup_stm32f10x_hd.o(RESET)
    __main                                   0x08000131   Thumb Code     0  entry.o(.ARM.Collect$$$$00000000)
    _main_stk                                0x08000131   Thumb Code     0  entry2.o(.ARM.Collect$$$$00000001)
    _main_scatterload                        0x08000135   Thumb Code     0  entry5.o(.ARM.Collect$$$$00000004)
    __main_after_scatterload                 0x08000139   Thumb Code     0  entry5.o(.ARM.Collect$$$$00000004)
    _main_clock                              0x08000139   Thumb Code     0  entry7b.o(.ARM.Collect$$$$00000008)
    _main_cpp_init                           0x08000139   Thumb Code     0  entry8b.o(.ARM.Collect$$$$0000000A)
    _main_init                               0x08000139   Thumb Code     0  entry9a.o(.ARM.Collect$$$$0000000B)
    __rt_final_cpp                           0x08000141   Thumb Code     0  entry10a.o(.ARM.Collect$$$$0000000D)
    __rt_final_exit                          0x08000141   Thumb Code     0  entry11a.o(.ARM.Collect$$$$0000000F)
    Reset_Handler                            0x08000145   Thumb Code     8  startup_stm32f10x_hd.o(.text)
    ADC1_2_IRQHandler                        0x0800015f   Thumb Code     0  startup_stm32f10x_hd.o(.text)
    ADC3_IRQHandler                          0x0800015f   Thumb Code     0  startup_stm32f10x_hd.o(.text)
    CAN1_RX1_IRQHandler                      0x0800015f   Thumb Code     0  startup_stm32f10x_hd.o(.text)
    CAN1_SCE_IRQHandler                      0x0800015f   Thumb Code     0  startup_stm32f10x_hd.o(.text)
    DMA1_Channel1_IRQHandler                 0x0800015f   Thumb Code     0  startup_stm32f10x_hd.o(.text)
    DMA1_Channel2_IRQHandler                 0x0800015f   Thumb Code     0  startup_stm32f10x_hd.o(.text)
    DMA1_Channel3_IRQHandler                 0x0800015f   Thumb Code     0  startup_stm32f10x_hd.o(.text)
    DMA1_Channel4_IRQHandler                 0x0800015f   Thumb Code     0  startup_stm32f10x_hd.o(.text)
    DMA1_Channel5_IRQHandler                 0x0800015f   Thumb Code     0  startup_stm32f10x_hd.o(.text)
    DMA1_Channel6_IRQHandler                 0x0800015f   Thumb Code     0  startup_stm32f10x_hd.o(.text)
    DMA1_Channel7_IRQHandler                 0x0800015f   Thumb Code     0  startup_stm32f10x_hd.o(.text)
    DMA2_Channel1_IRQHandler                 0x0800015f   Thumb Code     0  startup_stm32f10x_hd.o(.text)
    DMA2_Channel2_IRQHandler                 0x0800015f   Thumb Code     0  startup_stm32f10x_hd.o(.text)
    DMA2_Channel3_IRQHandler                 0x0800015f   Thumb Code     0  startup_stm32f10x_hd.o(.text)
    DMA2_Channel4_5_IRQHandler               0x0800015f   Thumb Code     0  startup_stm32f10x_hd.o(.text)
    EXTI0_IRQHandler                         0x0800015f   Thumb Code     0  startup_stm32f10x_hd.o(.text)
    EXTI15_10_IRQHandler                     0x0800015f   Thumb Code     0  startup_stm32f10x_hd.o(.text)
    EXTI1_IRQHandler                         0x0800015f   Thumb Code     0  startup_stm32f10x_hd.o(.text)
    EXTI2_IRQHandler                         0x0800015f   Thumb Code     0  startup_stm32f10x_hd.o(.text)
    EXTI3_IRQHandler                         0x0800015f   Thumb Code     0  startup_stm32f10x_hd.o(.text)
    EXTI4_IRQHandler                         0x0800015f   Thumb Code     0  startup_stm32f10x_hd.o(.text)
    EXTI9_5_IRQHandler                       0x0800015f   Thumb Code     0  startup_stm32f10x_hd.o(.text)
    FLASH_IRQHandler                         0x0800015f   Thumb Code     0  startup_stm32f10x_hd.o(.text)
    FSMC_IRQHandler                          0x0800015f   Thumb Code     0  startup_stm32f10x_hd.o(.text)
    I2C1_ER_IRQHandler                       0x0800015f   Thumb Code     0  startup_stm32f10x_hd.o(.text)
    I2C1_EV_IRQHandler                       0x0800015f   Thumb Code     0  startup_stm32f10x_hd.o(.text)
    I2C2_ER_IRQHandler                       0x0800015f   Thumb Code     0  startup_stm32f10x_hd.o(.text)
    I2C2_EV_IRQHandler                       0x0800015f   Thumb Code     0  startup_stm32f10x_hd.o(.text)
    PVD_IRQHandler                           0x0800015f   Thumb Code     0  startup_stm32f10x_hd.o(.text)
    RCC_IRQHandler                           0x0800015f   Thumb Code     0  startup_stm32f10x_hd.o(.text)
    RTCAlarm_IRQHandler                      0x0800015f   Thumb Code     0  startup_stm32f10x_hd.o(.text)
    RTC_IRQHandler                           0x0800015f   Thumb Code     0  startup_stm32f10x_hd.o(.text)
    SDIO_IRQHandler                          0x0800015f   Thumb Code     0  startup_stm32f10x_hd.o(.text)
    SPI1_IRQHandler                          0x0800015f   Thumb Code     0  startup_stm32f10x_hd.o(.text)
    SPI2_IRQHandler                          0x0800015f   Thumb Code     0  startup_stm32f10x_hd.o(.text)
    SPI3_IRQHandler                          0x0800015f   Thumb Code     0  startup_stm32f10x_hd.o(.text)
    TAMPER_IRQHandler                        0x0800015f   Thumb Code     0  startup_stm32f10x_hd.o(.text)
    TIM1_BRK_IRQHandler                      0x0800015f   Thumb Code     0  startup_stm32f10x_hd.o(.text)
    TIM1_CC_IRQHandler                       0x0800015f   Thumb Code     0  startup_stm32f10x_hd.o(.text)
    TIM1_TRG_COM_IRQHandler                  0x0800015f   Thumb Code     0  startup_stm32f10x_hd.o(.text)
    TIM1_UP_IRQHandler                       0x0800015f   Thumb Code     0  startup_stm32f10x_hd.o(.text)
    TIM3_IRQHandler                          0x0800015f   Thumb Code     0  startup_stm32f10x_hd.o(.text)
    TIM4_IRQHandler                          0x0800015f   Thumb Code     0  startup_stm32f10x_hd.o(.text)
    TIM5_IRQHandler                          0x0800015f   Thumb Code     0  startup_stm32f10x_hd.o(.text)
    TIM6_IRQHandler                          0x0800015f   Thumb Code     0  startup_stm32f10x_hd.o(.text)
    TIM7_IRQHandler                          0x0800015f   Thumb Code     0  startup_stm32f10x_hd.o(.text)
    TIM8_BRK_IRQHandler                      0x0800015f   Thumb Code     0  startup_stm32f10x_hd.o(.text)
    TIM8_CC_IRQHandler                       0x0800015f   Thumb Code     0  startup_stm32f10x_hd.o(.text)
    TIM8_TRG_COM_IRQHandler                  0x0800015f   Thumb Code     0  startup_stm32f10x_hd.o(.text)
    TIM8_UP_IRQHandler                       0x0800015f   Thumb Code     0  startup_stm32f10x_hd.o(.text)
    UART4_IRQHandler                         0x0800015f   Thumb Code     0  startup_stm32f10x_hd.o(.text)
    UART5_IRQHandler                         0x0800015f   Thumb Code     0  startup_stm32f10x_hd.o(.text)
    USART2_IRQHandler                        0x0800015f   Thumb Code     0  startup_stm32f10x_hd.o(.text)
    USART3_IRQHandler                        0x0800015f   Thumb Code     0  startup_stm32f10x_hd.o(.text)
    USBWakeUp_IRQHandler                     0x0800015f   Thumb Code     0  startup_stm32f10x_hd.o(.text)
    USB_HP_CAN1_TX_IRQHandler                0x0800015f   Thumb Code     0  startup_stm32f10x_hd.o(.text)
    USB_LP_CAN1_RX0_IRQHandler               0x0800015f   Thumb Code     0  startup_stm32f10x_hd.o(.text)
    WWDG_IRQHandler                          0x0800015f   Thumb Code     0  startup_stm32f10x_hd.o(.text)
    __aeabi_fadd                             0x08000169   Thumb Code   164  fadd.o(.text)
    __aeabi_fsub                             0x0800020d   Thumb Code     6  fadd.o(.text)
    __aeabi_frsub                            0x08000213   Thumb Code     6  fadd.o(.text)
    __aeabi_fmul                             0x08000219   Thumb Code   100  fmul.o(.text)
    __aeabi_fdiv                             0x0800027d   Thumb Code   124  fdiv.o(.text)
    __ARM_scalbnf                            0x080002f9   Thumb Code    24  fscalb.o(.text)
    scalbnf                                  0x080002f9   Thumb Code     0  fscalb.o(.text)
    __aeabi_dadd                             0x08000311   Thumb Code   322  dadd.o(.text)
    __aeabi_dsub                             0x08000453   Thumb Code     6  dadd.o(.text)
    __aeabi_drsub                            0x08000459   Thumb Code     6  dadd.o(.text)
    __aeabi_dmul                             0x0800045f   Thumb Code   228  dmul.o(.text)
    __aeabi_ddiv                             0x08000543   Thumb Code   222  ddiv.o(.text)
    __ARM_scalbn                             0x08000621   Thumb Code    46  dscalb.o(.text)
    scalbn                                   0x08000621   Thumb Code     0  dscalb.o(.text)
    __aeabi_i2f                              0x0800064f   Thumb Code    18  fflti.o(.text)
    __aeabi_ui2f                             0x08000661   Thumb Code    10  ffltui.o(.text)
    __aeabi_i2d                              0x0800066b   Thumb Code    34  dflti.o(.text)
    __aeabi_f2iz                             0x0800068d   Thumb Code    50  ffixi.o(.text)
    __aeabi_f2uiz                            0x080006bf   Thumb Code    40  ffixui.o(.text)
    __aeabi_d2iz                             0x080006e7   Thumb Code    62  dfixi.o(.text)
    __aeabi_f2d                              0x08000725   Thumb Code    38  f2d.o(.text)
    __aeabi_cdcmpeq                          0x0800074d   Thumb Code     0  cdcmple.o(.text)
    __aeabi_cdcmple                          0x0800074d   Thumb Code    48  cdcmple.o(.text)
    __aeabi_cdrcmple                         0x0800077d   Thumb Code    48  cdrcmple.o(.text)
    __aeabi_d2f                              0x080007ad   Thumb Code    56  d2f.o(.text)
    __aeabi_cfcmpeq                          0x080007e5   Thumb Code     0  cfcmple.o(.text)
    __aeabi_cfcmple                          0x080007e5   Thumb Code    20  cfcmple.o(.text)
    __aeabi_uidiv                            0x080007f9   Thumb Code     0  uidiv.o(.text)
    __aeabi_uidivmod                         0x080007f9   Thumb Code    44  uidiv.o(.text)
    __aeabi_uldivmod                         0x08000825   Thumb Code    98  uldiv.o(.text)
    __aeabi_llsl                             0x08000887   Thumb Code    30  llshl.o(.text)
    _ll_shift_l                              0x08000887   Thumb Code     0  llshl.o(.text)
    __aeabi_llsr                             0x080008a5   Thumb Code    32  llushr.o(.text)
    _ll_ushift_r                             0x080008a5   Thumb Code     0  llushr.o(.text)
    __aeabi_lasr                             0x080008c5   Thumb Code    36  llsshr.o(.text)
    _ll_sshift_r                             0x080008c5   Thumb Code     0  llsshr.o(.text)
    __I$use$fp                               0x080008e9   Thumb Code     0  iusefp.o(.text)
    _float_round                             0x080008e9   Thumb Code    18  fepilogue.o(.text)
    _float_epilogue                          0x080008fb   Thumb Code    92  fepilogue.o(.text)
    _fsqrt                                   0x08000957   Thumb Code    94  fsqrt.o(.text)
    _double_round                            0x080009b5   Thumb Code    30  depilogue.o(.text)
    _double_epilogue                         0x080009d3   Thumb Code   156  depilogue.o(.text)
    __aeabi_d2ulz                            0x08000a6f   Thumb Code    48  dfixul.o(.text)
    __scatterload                            0x08000aa1   Thumb Code    28  init.o(.text)
    __scatterload_rt2                        0x08000aa1   Thumb Code     0  init.o(.text)
    BusFault_Handler                         0x08000ac5   Thumb Code     2  stm32f10x_it.o(i.BusFault_Handler)
    DebugMon_Handler                         0x08000ac7   Thumb Code     2  stm32f10x_it.o(i.DebugMon_Handler)
    EE                                       0x08000ac9   Thumb Code    70  algorithm.o(i.EE)
    FFT                                      0x08000b11   Thumb Code   328  algorithm.o(i.FFT)
    GPIO_Init                                0x08000c61   Thumb Code   166  stm32f10x_gpio.o(i.GPIO_Init)
    GPIO_ReadInputDataBit                    0x08000d07   Thumb Code    14  stm32f10x_gpio.o(i.GPIO_ReadInputDataBit)
    GPIO_SetBits                             0x08000d15   Thumb Code     4  stm32f10x_gpio.o(i.GPIO_SetBits)
    GPIO_WriteBit                            0x08000d19   Thumb Code    12  stm32f10x_gpio.o(i.GPIO_WriteBit)
    HardFault_Handler                        0x08000d25   Thumb Code     2  stm32f10x_it.o(i.HardFault_Handler)
    I2C_ACK                                  0x08000d29   Thumb Code   110  i2c.o(i.I2C_ACK)
    I2C_ACK_WAIT                             0x08000d9d   Thumb Code    66  i2c.o(i.I2C_ACK_WAIT)
    I2C_Configuration                        0x08000de5   Thumb Code    50  i2c.o(i.I2C_Configuration)
    I2C_Delay                                0x08000e1d   Thumb Code    10  i2c.o(i.I2C_Delay)
    I2C_ReadByte                             0x08000e27   Thumb Code   112  i2c.o(i.I2C_ReadByte)
    I2C_Read_Byte                            0x08000e99   Thumb Code    72  i2c.o(i.I2C_Read_Byte)
    I2C_Start                                0x08000ee9   Thumb Code    60  i2c.o(i.I2C_Start)
    I2C_Stop                                 0x08000f29   Thumb Code    46  i2c.o(i.I2C_Stop)
    I2C_WriteByte                            0x08000f5d   Thumb Code    64  i2c.o(i.I2C_WriteByte)
    IIC_Send_Byte                            0x08000f9d   Thumb Code    80  i2c.o(i.IIC_Send_Byte)
    MAX30102_I2C_Read                        0x08000ff1   Thumb Code    12  max30102.o(i.MAX30102_I2C_Read)
    MAX30102_I2C_Write                       0x08000ffd   Thumb Code    10  max30102.o(i.MAX30102_I2C_Write)
    MAX30102_INPUT_INIT                      0x08001009   Thumb Code    48  max30102.o(i.MAX30102_INPUT_INIT)
    MAX30102_Init                            0x0800103d   Thumb Code   122  max30102.o(i.MAX30102_Init)
    MAX30102_ReadFifo                        0x080010d1   Thumb Code   124  max30102.o(i.MAX30102_ReadFifo)
    MemManage_Handler                        0x08001151   Thumb Code     2  stm32f10x_it.o(i.MemManage_Handler)
    NMI_Handler                              0x08001153   Thumb Code     2  stm32f10x_it.o(i.NMI_Handler)
    NVIC_Init                                0x08001155   Thumb Code    96  misc.o(i.NVIC_Init)
    NVIC_PriorityGroupConfig                 0x080011b9   Thumb Code    10  misc.o(i.NVIC_PriorityGroupConfig)
    OLED_Clear                               0x080011cd   Thumb Code    38  oled.o(i.OLED_Clear)
    OLED_DrawPoint                           0x080011f9   Thumb Code    44  oled.o(i.OLED_DrawPoint)
    OLED_Init                                0x08001229   Thumb Code   218  oled.o(i.OLED_Init)
    OLED_Pow                                 0x08001303   Thumb Code    16  oled.o(i.OLED_Pow)
    OLED_Refresh                             0x08001315   Thumb Code    72  oled.o(i.OLED_Refresh)
    OLED_ShowChar                            0x08001361   Thumb Code   230  oled.o(i.OLED_ShowChar)
    OLED_ShowNum                             0x08001459   Thumb Code   122  oled.o(i.OLED_ShowNum)
    OLED_ShowString                          0x080014d3   Thumb Code    60  oled.o(i.OLED_ShowString)
    OLED_WR_Byte                             0x0800150f   Thumb Code    12  oled.o(i.OLED_WR_Byte)
    PendSV_Handler                           0x0800151b   Thumb Code     2  stm32f10x_it.o(i.PendSV_Handler)
    RCC_APB1PeriphClockCmd                   0x0800151d   Thumb Code    22  stm32f10x_rcc.o(i.RCC_APB1PeriphClockCmd)
    RCC_APB2PeriphClockCmd                   0x08001539   Thumb Code    22  stm32f10x_rcc.o(i.RCC_APB2PeriphClockCmd)
    RCC_GetClocksFreq                        0x08001555   Thumb Code   154  stm32f10x_rcc.o(i.RCC_GetClocksFreq)
    SVC_Handler                              0x08001601   Thumb Code     2  stm32f10x_it.o(i.SVC_Handler)
    SerialPort_SendByte                      0x08001605   Thumb Code    26  usart1.o(i.SerialPort_SendByte)
    SysTick_Handler                          0x080016d9   Thumb Code     4  stm32f10x_it.o(i.SysTick_Handler)
    SystemInit                               0x080016dd   Thumb Code    64  system_stm32f10x.o(i.SystemInit)
    TIM2_IRQHandler                          0x0800172d   Thumb Code    40  timer1.o(i.TIM2_IRQHandler)
    TIMER1_PARAM_CONFIG                      0x0800175d   Thumb Code   122  timer1.o(i.TIMER1_PARAM_CONFIG)
    TIM_ClearITPendingBit                    0x080017d7   Thumb Code     6  stm32f10x_tim.o(i.TIM_ClearITPendingBit)
    TIM_Cmd                                  0x080017dd   Thumb Code    24  stm32f10x_tim.o(i.TIM_Cmd)
    TIM_GetFlagStatus                        0x080017f5   Thumb Code    14  stm32f10x_tim.o(i.TIM_GetFlagStatus)
    TIM_ITConfig                             0x08001803   Thumb Code    20  stm32f10x_tim.o(i.TIM_ITConfig)
    TIM_InternalClockConfig                  0x08001817   Thumb Code    10  stm32f10x_tim.o(i.TIM_InternalClockConfig)
    TIM_TimeBaseInit                         0x08001821   Thumb Code   114  stm32f10x_tim.o(i.TIM_TimeBaseInit)
    USART1_IRQHandler                        0x080018bd   Thumb Code    38  usart1.o(i.USART1_IRQHandler)
    USART_Cmd                                0x080018f1   Thumb Code    24  stm32f10x_usart.o(i.USART_Cmd)
    USART_GPIO_INIT                          0x08001909   Thumb Code    68  usart1.o(i.USART_GPIO_INIT)
    USART_GetFlagStatus                      0x08001951   Thumb Code    14  stm32f10x_usart.o(i.USART_GetFlagStatus)
    USART_GetITStatus                        0x0800195f   Thumb Code    64  stm32f10x_usart.o(i.USART_GetITStatus)
    USART_ITConfig                           0x0800199f   Thumb Code    54  stm32f10x_usart.o(i.USART_ITConfig)
    USART_Init                               0x080019d5   Thumb Code   182  stm32f10x_usart.o(i.USART_Init)
    USART_PARAM_CONFIG                       0x08001a91   Thumb Code    94  usart1.o(i.USART_PARAM_CONFIG)
    USART_ReceiveData                        0x08001af5   Thumb Code     8  stm32f10x_usart.o(i.USART_ReceiveData)
    USART_SendData                           0x08001afd   Thumb Code     8  stm32f10x_usart.o(i.USART_SendData)
    UsageFault_Handler                       0x08001b05   Thumb Code     2  stm32f10x_it.o(i.UsageFault_Handler)
    WriteCmd                                 0x08001b07   Thumb Code    10  oled.o(i.WriteCmd)
    WriteDat                                 0x08001b11   Thumb Code    10  oled.o(i.WriteDat)
    XCos                                     0x08001b1d   Thumb Code    18  algorithm.o(i.XCos)
    XSin                                     0x08001b39   Thumb Code   418  algorithm.o(i.XSin)
    __0printf                                0x08001d05   Thumb Code    22  printfa.o(i.__0printf)
    __1printf                                0x08001d05   Thumb Code     0  printfa.o(i.__0printf)
    __2printf                                0x08001d05   Thumb Code     0  printfa.o(i.__0printf)
    __c89printf                              0x08001d05   Thumb Code     0  printfa.o(i.__0printf)
    printf                                   0x08001d05   Thumb Code     0  printfa.o(i.__0printf)
    __scatterload_copy                       0x08001d45   Thumb Code    14  handlers.o(i.__scatterload_copy)
    __scatterload_null                       0x08001d53   Thumb Code     2  handlers.o(i.__scatterload_null)
    __scatterload_zeroinit                   0x08001d55   Thumb Code    14  handlers.o(i.__scatterload_zeroinit)
    __set_errno                              0x08001d65   Thumb Code     6  errno.o(i.__set_errno)
    blood_Loop                               0x08002625   Thumb Code   144  blood.o(i.blood_Loop)
    blood_data_translate                     0x080026e1   Thumb Code   732  blood.o(i.blood_data_translate)
    blood_data_update                        0x080029ed   Thumb Code    76  blood.o(i.blood_data_update)
    delay_1ms                                0x08002a45   Thumb Code    18  systick.o(i.delay_1ms)
    delay_1us                                0x08002a5d   Thumb Code    12  systick.o(i.delay_1us)
    delay_decrement                          0x08002a6d   Thumb Code    16  systick.o(i.delay_decrement)
    find_max_num_index                       0x08002a81   Thumb Code    46  algorithm.o(i.find_max_num_index)
    fputc                                    0x08002aaf   Thumb Code    14  usart1.o(i.fputc)
    main                                     0x08002abd   Thumb Code    74  main.o(i.main)
    my_floor                                 0x08002b15   Thumb Code    44  algorithm.o(i.my_floor)
    my_fmod                                  0x08002b41   Thumb Code   140  algorithm.o(i.my_fmod)
    sqrtf                                    0x08002bcd   Thumb Code    44  sqrtf.o(i.sqrtf)
    systick_config                           0x08002bf9   Thumb Code    68  systick.o(i.systick_config)
    asc2_0806                                0x08002c44   Data         552  oled.o(.constdata)
    asc2_1206                                0x08002e6c   Data        1140  oled.o(.constdata)
    asc2_1608                                0x080032e0   Data        1520  oled.o(.constdata)
    asc2_2412                                0x080038d0   Data        3420  oled.o(.constdata)
    Hzk1                                     0x0800462c   Data         352  oled.o(.constdata)
    Hzk2                                     0x0800478c   Data          72  oled.o(.constdata)
    Hzk3                                     0x080047d4   Data         128  oled.o(.constdata)
    Hzk4                                     0x08004854   Data         512  oled.o(.constdata)
    Region$$Table$$Base                      0x08004d80   Number         0  anon$$obj.o(Region$$Table)
    Region$$Table$$Limit                     0x08004da0   Number         0  anon$$obj.o(Region$$Table)
    SystemCoreClock                          0x20000000   Data           4  system_stm32f10x.o(.data)
    AHBPrescTable                            0x20000004   Data          16  system_stm32f10x.o(.data)
    cnt                                      0x20000044   Data           1  blood.o(.data)
    g_fft_index                              0x20000046   Data           2  blood.o(.data)
    g_blooddata                              0x20000048   Data           8  blood.o(.data)
    __stdout                                 0x20000054   Data           4  stdout.o(.data)
    OLED_GRAM                                0x2000005c   Data        1152  oled.o(.bss)
    s1                                       0x200004dc   Data        4224  blood.o(.bss)
    s2                                       0x2000155c   Data        4224  blood.o(.bss)
    __initial_sp                             0x200039e0   Data           0  startup_stm32f10x_hd.o(STACK)



==============================================================================

Memory Map of the image

  Image Entry point : 0x08000131

  Load Region LR_IROM1 (Base: 0x08000000, Size: 0x00004dfc, Max: 0x00010000, ABSOLUTE)

    Execution Region ER_IROM1 (Exec base: 0x08000000, Load base: 0x08000000, Size: 0x00004da0, Max: 0x00010000, ABSOLUTE)

    Exec Addr    Load Addr    Size         Type   Attr      Idx    E Section Name        Object

    0x08000000   0x08000000   0x00000130   Data   RO         1141    RESET               startup_stm32f10x_hd.o
    0x08000130   0x08000130   0x00000000   Code   RO         2307  * .ARM.Collect$$$$00000000  mc_w.l(entry.o)
    0x08000130   0x08000130   0x00000004   Code   RO         2609    .ARM.Collect$$$$00000001  mc_w.l(entry2.o)
    0x08000134   0x08000134   0x00000004   Code   RO         2612    .ARM.Collect$$$$00000004  mc_w.l(entry5.o)
    0x08000138   0x08000138   0x00000000   Code   RO         2614    .ARM.Collect$$$$00000008  mc_w.l(entry7b.o)
    0x08000138   0x08000138   0x00000000   Code   RO         2616    .ARM.Collect$$$$0000000A  mc_w.l(entry8b.o)
    0x08000138   0x08000138   0x00000008   Code   RO         2617    .ARM.Collect$$$$0000000B  mc_w.l(entry9a.o)
    0x08000140   0x08000140   0x00000000   Code   RO         2619    .ARM.Collect$$$$0000000D  mc_w.l(entry10a.o)
    0x08000140   0x08000140   0x00000000   Code   RO         2621    .ARM.Collect$$$$0000000F  mc_w.l(entry11a.o)
    0x08000140   0x08000140   0x00000004   Code   RO         2610    .ARM.Collect$$$$00002712  mc_w.l(entry2.o)
    0x08000144   0x08000144   0x00000024   Code   RO         1142    .text               startup_stm32f10x_hd.o
    0x08000168   0x08000168   0x000000b0   Code   RO         2571    .text               mf_w.l(fadd.o)
    0x08000218   0x08000218   0x00000064   Code   RO         2573    .text               mf_w.l(fmul.o)
    0x0800027c   0x0800027c   0x0000007c   Code   RO         2575    .text               mf_w.l(fdiv.o)
    0x080002f8   0x080002f8   0x00000018   Code   RO         2577    .text               mf_w.l(fscalb.o)
    0x08000310   0x08000310   0x0000014e   Code   RO         2579    .text               mf_w.l(dadd.o)
    0x0800045e   0x0800045e   0x000000e4   Code   RO         2581    .text               mf_w.l(dmul.o)
    0x08000542   0x08000542   0x000000de   Code   RO         2583    .text               mf_w.l(ddiv.o)
    0x08000620   0x08000620   0x0000002e   Code   RO         2585    .text               mf_w.l(dscalb.o)
    0x0800064e   0x0800064e   0x00000012   Code   RO         2587    .text               mf_w.l(fflti.o)
    0x08000660   0x08000660   0x0000000a   Code   RO         2589    .text               mf_w.l(ffltui.o)
    0x0800066a   0x0800066a   0x00000022   Code   RO         2591    .text               mf_w.l(dflti.o)
    0x0800068c   0x0800068c   0x00000032   Code   RO         2593    .text               mf_w.l(ffixi.o)
    0x080006be   0x080006be   0x00000028   Code   RO         2595    .text               mf_w.l(ffixui.o)
    0x080006e6   0x080006e6   0x0000003e   Code   RO         2597    .text               mf_w.l(dfixi.o)
    0x08000724   0x08000724   0x00000026   Code   RO         2599    .text               mf_w.l(f2d.o)
    0x0800074a   0x0800074a   0x00000002   PAD
    0x0800074c   0x0800074c   0x00000030   Code   RO         2601    .text               mf_w.l(cdcmple.o)
    0x0800077c   0x0800077c   0x00000030   Code   RO         2603    .text               mf_w.l(cdrcmple.o)
    0x080007ac   0x080007ac   0x00000038   Code   RO         2605    .text               mf_w.l(d2f.o)
    0x080007e4   0x080007e4   0x00000014   Code   RO         2607    .text               mf_w.l(cfcmple.o)
    0x080007f8   0x080007f8   0x0000002c   Code   RO         2624    .text               mc_w.l(uidiv.o)
    0x08000824   0x08000824   0x00000062   Code   RO         2626    .text               mc_w.l(uldiv.o)
    0x08000886   0x08000886   0x0000001e   Code   RO         2628    .text               mc_w.l(llshl.o)
    0x080008a4   0x080008a4   0x00000020   Code   RO         2630    .text               mc_w.l(llushr.o)
    0x080008c4   0x080008c4   0x00000024   Code   RO         2632    .text               mc_w.l(llsshr.o)
    0x080008e8   0x080008e8   0x00000000   Code   RO         2641    .text               mc_w.l(iusefp.o)
    0x080008e8   0x080008e8   0x0000006e   Code   RO         2642    .text               mf_w.l(fepilogue.o)
    0x08000956   0x08000956   0x0000005e   Code   RO         2644    .text               mf_w.l(fsqrt.o)
    0x080009b4   0x080009b4   0x000000ba   Code   RO         2646    .text               mf_w.l(depilogue.o)
    0x08000a6e   0x08000a6e   0x00000030   Code   RO         2648    .text               mf_w.l(dfixul.o)
    0x08000a9e   0x08000a9e   0x00000002   PAD
    0x08000aa0   0x08000aa0   0x00000024   Code   RO         2650    .text               mc_w.l(init.o)
    0x08000ac4   0x08000ac4   0x00000002   Code   RO          174    i.BusFault_Handler  stm32f10x_it.o
    0x08000ac6   0x08000ac6   0x00000002   Code   RO          175    i.DebugMon_Handler  stm32f10x_it.o
    0x08000ac8   0x08000ac8   0x00000046   Code   RO         1476    i.EE                algorithm.o
    0x08000b0e   0x08000b0e   0x00000002   PAD
    0x08000b10   0x08000b10   0x00000150   Code   RO         1477    i.FFT               algorithm.o
    0x08000c60   0x08000c60   0x000000a6   Code   RO          402    i.GPIO_Init         stm32f10x_gpio.o
    0x08000d06   0x08000d06   0x0000000e   Code   RO          406    i.GPIO_ReadInputDataBit  stm32f10x_gpio.o
    0x08000d14   0x08000d14   0x00000004   Code   RO          410    i.GPIO_SetBits      stm32f10x_gpio.o
    0x08000d18   0x08000d18   0x0000000c   Code   RO          413    i.GPIO_WriteBit     stm32f10x_gpio.o
    0x08000d24   0x08000d24   0x00000002   Code   RO          176    i.HardFault_Handler  stm32f10x_it.o
    0x08000d26   0x08000d26   0x00000002   PAD
    0x08000d28   0x08000d28   0x00000074   Code   RO         2212    i.I2C_ACK           i2c.o
    0x08000d9c   0x08000d9c   0x00000048   Code   RO         2213    i.I2C_ACK_WAIT      i2c.o
    0x08000de4   0x08000de4   0x00000038   Code   RO         2214    i.I2C_Configuration  i2c.o
    0x08000e1c   0x08000e1c   0x0000000a   Code   RO         2215    i.I2C_Delay         i2c.o
    0x08000e26   0x08000e26   0x00000070   Code   RO         2216    i.I2C_ReadByte      i2c.o
    0x08000e96   0x08000e96   0x00000002   PAD
    0x08000e98   0x08000e98   0x00000050   Code   RO         2217    i.I2C_Read_Byte     i2c.o
    0x08000ee8   0x08000ee8   0x00000040   Code   RO         2219    i.I2C_Start         i2c.o
    0x08000f28   0x08000f28   0x00000034   Code   RO         2220    i.I2C_Stop          i2c.o
    0x08000f5c   0x08000f5c   0x00000040   Code   RO         2221    i.I2C_WriteByte     i2c.o
    0x08000f9c   0x08000f9c   0x00000054   Code   RO         2222    i.IIC_Send_Byte     i2c.o
    0x08000ff0   0x08000ff0   0x0000000c   Code   RO         1180    i.MAX30102_I2C_Read  max30102.o
    0x08000ffc   0x08000ffc   0x0000000a   Code   RO         1181    i.MAX30102_I2C_Write  max30102.o
    0x08001006   0x08001006   0x00000002   PAD
    0x08001008   0x08001008   0x00000034   Code   RO         1182    i.MAX30102_INPUT_INIT  max30102.o
    0x0800103c   0x0800103c   0x00000094   Code   RO         1183    i.MAX30102_Init     max30102.o
    0x080010d0   0x080010d0   0x00000080   Code   RO         1184    i.MAX30102_ReadFifo  max30102.o
    0x08001150   0x08001150   0x00000002   Code   RO          177    i.MemManage_Handler  stm32f10x_it.o
    0x08001152   0x08001152   0x00000002   Code   RO          178    i.NMI_Handler       stm32f10x_it.o
    0x08001154   0x08001154   0x00000064   Code   RO          348    i.NVIC_Init         misc.o
    0x080011b8   0x080011b8   0x00000014   Code   RO          349    i.NVIC_PriorityGroupConfig  misc.o
    0x080011cc   0x080011cc   0x0000002c   Code   RO         1273    i.OLED_Clear        oled.o
    0x080011f8   0x080011f8   0x00000030   Code   RO         1280    i.OLED_DrawPoint    oled.o
    0x08001228   0x08001228   0x000000da   Code   RO         1281    i.OLED_Init         oled.o
    0x08001302   0x08001302   0x00000010   Code   RO         1282    i.OLED_Pow          oled.o
    0x08001312   0x08001312   0x00000002   PAD
    0x08001314   0x08001314   0x0000004c   Code   RO         1283    i.OLED_Refresh      oled.o
    0x08001360   0x08001360   0x000000f8   Code   RO         1285    i.OLED_ShowChar     oled.o
    0x08001458   0x08001458   0x0000007a   Code   RO         1287    i.OLED_ShowNum      oled.o
    0x080014d2   0x080014d2   0x0000003c   Code   RO         1289    i.OLED_ShowString   oled.o
    0x0800150e   0x0800150e   0x0000000c   Code   RO         1290    i.OLED_WR_Byte      oled.o
    0x0800151a   0x0800151a   0x00000002   Code   RO          179    i.PendSV_Handler    stm32f10x_it.o
    0x0800151c   0x0800151c   0x0000001c   Code   RO          524    i.RCC_APB1PeriphClockCmd  stm32f10x_rcc.o
    0x08001538   0x08001538   0x0000001c   Code   RO          526    i.RCC_APB2PeriphClockCmd  stm32f10x_rcc.o
    0x08001554   0x08001554   0x000000ac   Code   RO          534    i.RCC_GetClocksFreq  stm32f10x_rcc.o
    0x08001600   0x08001600   0x00000002   Code   RO          180    i.SVC_Handler       stm32f10x_it.o
    0x08001602   0x08001602   0x00000002   PAD
    0x08001604   0x08001604   0x00000020   Code   RO         2160    i.SerialPort_SendByte  usart1.o
    0x08001624   0x08001624   0x00000004   Code   RO          249    i.SetSysClock       system_stm32f10x.o
    0x08001628   0x08001628   0x000000b0   Code   RO          250    i.SetSysClockTo72   system_stm32f10x.o
    0x080016d8   0x080016d8   0x00000004   Code   RO          181    i.SysTick_Handler   stm32f10x_it.o
    0x080016dc   0x080016dc   0x00000050   Code   RO          252    i.SystemInit        system_stm32f10x.o
    0x0800172c   0x0800172c   0x00000030   Code   RO         1560    i.TIM2_IRQHandler   timer1.o
    0x0800175c   0x0800175c   0x0000007a   Code   RO         1562    i.TIMER1_PARAM_CONFIG  timer1.o
    0x080017d6   0x080017d6   0x00000006   Code   RO         1611    i.TIM_ClearITPendingBit  stm32f10x_tim.o
    0x080017dc   0x080017dc   0x00000018   Code   RO         1616    i.TIM_Cmd           stm32f10x_tim.o
    0x080017f4   0x080017f4   0x0000000e   Code   RO         1636    i.TIM_GetFlagStatus  stm32f10x_tim.o
    0x08001802   0x08001802   0x00000014   Code   RO         1641    i.TIM_ITConfig      stm32f10x_tim.o
    0x08001816   0x08001816   0x0000000a   Code   RO         1643    i.TIM_InternalClockConfig  stm32f10x_tim.o
    0x08001820   0x08001820   0x0000009c   Code   RO         1687    i.TIM_TimeBaseInit  stm32f10x_tim.o
    0x080018bc   0x080018bc   0x00000034   Code   RO         2161    i.USART1_IRQHandler  usart1.o
    0x080018f0   0x080018f0   0x00000018   Code   RO          738    i.USART_Cmd         stm32f10x_usart.o
    0x08001908   0x08001908   0x00000048   Code   RO         2162    i.USART_GPIO_INIT   usart1.o
    0x08001950   0x08001950   0x0000000e   Code   RO          741    i.USART_GetFlagStatus  stm32f10x_usart.o
    0x0800195e   0x0800195e   0x00000040   Code   RO          742    i.USART_GetITStatus  stm32f10x_usart.o
    0x0800199e   0x0800199e   0x00000036   Code   RO          744    i.USART_ITConfig    stm32f10x_usart.o
    0x080019d4   0x080019d4   0x000000bc   Code   RO          745    i.USART_Init        stm32f10x_usart.o
    0x08001a90   0x08001a90   0x00000064   Code   RO         2163    i.USART_PARAM_CONFIG  usart1.o
    0x08001af4   0x08001af4   0x00000008   Code   RO          752    i.USART_ReceiveData  stm32f10x_usart.o
    0x08001afc   0x08001afc   0x00000008   Code   RO          755    i.USART_SendData    stm32f10x_usart.o
    0x08001b04   0x08001b04   0x00000002   Code   RO          182    i.UsageFault_Handler  stm32f10x_it.o
    0x08001b06   0x08001b06   0x0000000a   Code   RO         1291    i.WriteCmd          oled.o
    0x08001b10   0x08001b10   0x0000000a   Code   RO         1292    i.WriteDat          oled.o
    0x08001b1a   0x08001b1a   0x00000002   PAD
    0x08001b1c   0x08001b1c   0x0000001c   Code   RO         1478    i.XCos              algorithm.o
    0x08001b38   0x08001b38   0x000001cc   Code   RO         1479    i.XSin              algorithm.o
    0x08001d04   0x08001d04   0x00000020   Code   RO         2543    i.__0printf         mc_w.l(printfa.o)
    0x08001d24   0x08001d24   0x00000020   Code   RO          295    i.__NVIC_SetPriority  systick.o
    0x08001d44   0x08001d44   0x0000000e   Code   RO         2654    i.__scatterload_copy  mc_w.l(handlers.o)
    0x08001d52   0x08001d52   0x00000002   Code   RO         2655    i.__scatterload_null  mc_w.l(handlers.o)
    0x08001d54   0x08001d54   0x0000000e   Code   RO         2656    i.__scatterload_zeroinit  mc_w.l(handlers.o)
    0x08001d62   0x08001d62   0x00000002   PAD
    0x08001d64   0x08001d64   0x0000000c   Code   RO         2636    i.__set_errno       mc_w.l(errno.o)
    0x08001d70   0x08001d70   0x00000184   Code   RO         2550    i._fp_digits        mc_w.l(printfa.o)
    0x08001ef4   0x08001ef4   0x000006dc   Code   RO         2551    i._printf_core      mc_w.l(printfa.o)
    0x080025d0   0x080025d0   0x00000024   Code   RO         2552    i._printf_post_padding  mc_w.l(printfa.o)
    0x080025f4   0x080025f4   0x0000002e   Code   RO         2553    i._printf_pre_padding  mc_w.l(printfa.o)
    0x08002622   0x08002622   0x00000002   PAD
    0x08002624   0x08002624   0x000000bc   Code   RO         1430    i.blood_Loop        blood.o
    0x080026e0   0x080026e0   0x0000030c   Code   RO         1431    i.blood_data_translate  blood.o
    0x080029ec   0x080029ec   0x00000058   Code   RO         1432    i.blood_data_update  blood.o
    0x08002a44   0x08002a44   0x00000018   Code   RO          296    i.delay_1ms         systick.o
    0x08002a5c   0x08002a5c   0x00000010   Code   RO          297    i.delay_1us         systick.o
    0x08002a6c   0x08002a6c   0x00000014   Code   RO          298    i.delay_decrement   systick.o
    0x08002a80   0x08002a80   0x0000002e   Code   RO         1482    i.find_max_num_index  algorithm.o
    0x08002aae   0x08002aae   0x0000000e   Code   RO         2164    i.fputc             usart1.o
    0x08002abc   0x08002abc   0x00000058   Code   RO            5    i.main              main.o
    0x08002b14   0x08002b14   0x0000002c   Code   RO         1483    i.my_floor          algorithm.o
    0x08002b40   0x08002b40   0x0000008c   Code   RO         1484    i.my_fmod           algorithm.o
    0x08002bcc   0x08002bcc   0x0000002c   Code   RO         2300    i.sqrtf             m_ws.l(sqrtf.o)
    0x08002bf8   0x08002bf8   0x0000004c   Code   RO          299    i.systick_config    systick.o
    0x08002c44   0x08002c44   0x00001e10   Data   RO         1294    .constdata          oled.o
    0x08004a54   0x08004a54   0x00000004   PAD
    0x08004a58   0x08004a58   0x00000328   Data   RO         1486    .constdata          algorithm.o
    0x08004d80   0x08004d80   0x00000020   Data   RO         2652    Region$$Table       anon$$obj.o


    Execution Region RW_IRAM1 (Exec base: 0x20000000, Load base: 0x08004da0, Size: 0x000039e0, Max: 0x00005000, ABSOLUTE)

    Exec Addr    Load Addr    Size         Type   Attr      Idx    E Section Name        Object

    0x20000000   0x08004da0   0x00000014   Data   RW          253    .data               system_stm32f10x.o
    0x20000014   0x08004db4   0x00000004   Data   RW          300    .data               systick.o
    0x20000018   0x08004db8   0x00000014   Data   RW          554    .data               stm32f10x_rcc.o
    0x2000002c   0x08004dcc   0x00000018   Data   RW         1187    .data               max30102.o
    0x20000044   0x08004de4   0x0000000c   Data   RW         1434    .data               blood.o
    0x20000050   0x08004df0   0x00000001   Data   RW         2223    .data               i2c.o
    0x20000051   0x08004df1   0x00000003   PAD
    0x20000054   0x08004df4   0x00000004   Data   RW         2623    .data               mc_w.l(stdout.o)
    0x20000058   0x08004df8   0x00000004   Data   RW         2637    .data               mc_w.l(errno.o)
    0x2000005c        -       0x00000480   Zero   RW         1293    .bss                oled.o
    0x200004dc        -       0x00002100   Zero   RW         1433    .bss                blood.o
    0x200025dc   0x08004dfc   0x00000004   PAD
    0x200025e0        -       0x00001400   Zero   RW         1139    STACK               startup_stm32f10x_hd.o


==============================================================================

Image component sizes


      Code (inc. data)   RO Data    RW Data    ZI Data      Debug   Object Name

      1124         60        808          0          0       6151   algorithm.o
      1056        104          0         12       8448       3225   blood.o
       710         40          0          1          0       6143   i2c.o
        88         14          0          0          0     253859   main.o
       350         34          0         24          0       3635   max30102.o
       120         14          0          0          0       1835   misc.o
       864         32       7696          0       1152       8422   oled.o
        36          8        304          0       5120        896   startup_stm32f10x_hd.o
       196          0          0          0          0       4131   stm32f10x_gpio.o
        20          0          0          0          0       3658   stm32f10x_it.o
       228         30          0         20          0       4926   stm32f10x_rcc.o
       230         42          0          0          0       4542   stm32f10x_tim.o
       360          6          0          0          0       7329   stm32f10x_usart.o
       260         26          0         20          0       2229   system_stm32f10x.o
       168         22          0          4          0      27822   systick.o
       170          8          0          0          0       1092   timer1.o
       270         30          0          0          0       4441   usart1.o

    ----------------------------------------------------------------------
      6264        470       8844         84      14724     344336   Object Totals
         0          0         32          0          0          0   (incl. Generated)
        14          0          4          3          4          0   (incl. Padding)

    ----------------------------------------------------------------------

      Code (inc. data)   RO Data    RW Data    ZI Data      Debug   Library Member Name

        44          0          0          0          0         80   sqrtf.o
         0          0          0          0          0          0   entry.o
         0          0          0          0          0          0   entry10a.o
         0          0          0          0          0          0   entry11a.o
         8          4          0          0          0          0   entry2.o
         4          0          0          0          0          0   entry5.o
         0          0          0          0          0          0   entry7b.o
         0          0          0          0          0          0   entry8b.o
         8          4          0          0          0          0   entry9a.o
        12          6          0          4          0         68   errno.o
        30          0          0          0          0          0   handlers.o
        36          8          0          0          0         68   init.o
         0          0          0          0          0          0   iusefp.o
        30          0          0          0          0         68   llshl.o
        36          0          0          0          0         68   llsshr.o
        32          0          0          0          0         68   llushr.o
      2258         90          0          0          0        452   printfa.o
         0          0          0          4          0          0   stdout.o
        44          0          0          0          0         80   uidiv.o
        98          0          0          0          0         92   uldiv.o
        48          0          0          0          0         68   cdcmple.o
        48          0          0          0          0         68   cdrcmple.o
        20          0          0          0          0         68   cfcmple.o
        56          0          0          0          0         88   d2f.o
       334          0          0          0          0        148   dadd.o
       222          0          0          0          0        100   ddiv.o
       186          0          0          0          0        176   depilogue.o
        62          0          0          0          0         80   dfixi.o
        48          0          0          0          0         68   dfixul.o
        34          0          0          0          0         76   dflti.o
       228          0          0          0          0         96   dmul.o
        46          0          0          0          0         80   dscalb.o
        38          0          0          0          0         68   f2d.o
       176          0          0          0          0        140   fadd.o
       124          0          0          0          0         88   fdiv.o
       110          0          0          0          0        168   fepilogue.o
        50          0          0          0          0         68   ffixi.o
        40          0          0          0          0         68   ffixui.o
        18          0          0          0          0         68   fflti.o
        10          0          0          0          0         68   ffltui.o
       100          0          0          0          0         76   fmul.o
        24          0          0          0          0         68   fscalb.o
        94          0          0          0          0         96   fsqrt.o

    ----------------------------------------------------------------------
      4764        112          0          8          0       3136   Library Totals
         8          0          0          0          0          0   (incl. Padding)

    ----------------------------------------------------------------------

      Code (inc. data)   RO Data    RW Data    ZI Data      Debug   Library Name

        44          0          0          0          0         80   m_ws.l
      2596        112          0          8          0        964   mc_w.l
      2116          0          0          0          0       2092   mf_w.l

    ----------------------------------------------------------------------
      4764        112          0          8          0       3136   Library Totals

    ----------------------------------------------------------------------

==============================================================================


      Code (inc. data)   RO Data    RW Data    ZI Data      Debug   

     11028        582       8844         92      14724     341800   Grand Totals
     11028        582       8844         92      14724     341800   ELF Image Totals
     11028        582       8844         92          0          0   ROM Totals

==============================================================================

    Total RO  Size (Code + RO Data)                19872 (  19.41kB)
    Total RW  Size (RW Data + ZI Data)             14816 (  14.47kB)
    Total ROM Size (Code + RO Data + RW Data)      19964 (  19.50kB)

==============================================================================

